******************************************************************************
                  TI ARM Linker PC v17.9.0                     
******************************************************************************
>> Linked Sat Jan 27 21:50:51 2018

OUTPUT FILE NAME:   <araneus3.out>
ENTRY POINT SYMBOL: "_c_int00"  address: 00006269


MEMORY CONFIGURATION

         name            origin    length      used     unused   attr    fill
----------------------  --------  ---------  --------  --------  ----  --------
  FLASH                 00000000   00100000  0000a9fe  000f5602  R  X
  SRAM                  20000000   00040000  00001de8  0003e218  RW X


SEGMENT ALLOCATION MAP

run origin  load origin   length   init length attrs members
----------  ----------- ---------- ----------- ----- -------
00000000    00000000    0000aa08   0000aa08    r-x
  00000000    00000000    0000003c   0000003c    r-- .resetVecs
  00000040    00000040    000082ca   000082ca    r-x .text
  0000830c    0000830c    000024e8   000024e8    r-- .const
  0000a7f8    0000a7f8    00000210   00000210    r-- .cinit
20000000    20000000    00001de8   00000000    rw-
  20000000    20000000    00000360   00000000    rw- .vecs
  20000360    20000360    00001354   00000000    rw- .bss
  200016b4    200016b4    00000434   00000000    rw- .data
  20001ae8    20001ae8    00000300   00000000    rw- .stack


SECTION ALLOCATION MAP

 output                                  attributes/
section   page    origin      length       input sections
--------  ----  ----------  ----------   ----------------
.text      0    00000040    000082ca     
                  00000040    000011de     rtsv7M4_T_le_v4SPD16_eabi.lib : _printfi.obj (.text)
                  0000121e    00000002                                   : i_div0.obj (.text)
                  00001220    00000430     sysbios.aem4f : BIOS.obj (.text:ti_sysbios_family_arm_m3_Hwi_excDumpRegs__I)
                  00001650    0000034c     ti.targets.arm.rtsarm.aem4f : System.oem4f (.text:xdc_runtime_System_doPrint__I)
                  0000199c    00000004     driverlib.lib : uart.obj (.text:UARTIntClear)
                  000019a0    000002d0     sysbios.aem4f : BIOS.obj (.text:ti_sysbios_knl_Semaphore_pend__E)
                  00001c70    00000264                   : BIOS.obj (.text:ti_sysbios_heaps_HeapMem_free__E)
                  00001ed4    00000004     rtsv7M4_T_le_v4SPD16_eabi.lib : exit.obj (.text:abort)
                  00001ed8    00000250     sysbios.aem4f : BIOS.obj (.text:ti_sysbios_heaps_HeapMem_alloc__E)
                  00002128    00000234                   : BIOS.obj (.text:ti_sysbios_knl_Task_Instance_finalize__E)
                  0000235c    0000020c     drivers_tivaware.aem4f : UARTTiva.oem4f (.text:UARTTiva_open)
                  00002568    00000204     Boot.aem4f : Boot_sysctl.oem4f (.text:ti_catalog_arm_cortexm4_tiva_ce_Boot_sysCtlClockFreqSetI__I)
                  0000276c    00000004     empty_pem4f.oem4f (.text:ti_sysbios_BIOS_RtsGateProxy_enter__E)
                  00002770    000001fc     sysbios.aem4f : BIOS.obj (.text:ti_sysbios_family_arm_m3_Hwi_excHandlerMax__I)
                  0000296c    000001f4     rtsv7M4_T_le_v4SPD16_eabi.lib : ull_div_t2.obj (.text)
                  00002b60    000001c8     sysbios.aem4f : BIOS.obj (.text:ti_sysbios_knl_Task_Instance_init__E)
                  00002d28    000001b6     rtsv7M4_T_le_v4SPD16_eabi.lib : fd_add_t2.obj (.text)
                  00002ede    00000002     empty_pem4f.oem4f (.text:ti_sysbios_BIOS_nullFunc__I)
                  00002ee0    00000174     sysbios.aem4f : BIOS.obj (.text:ti_sysbios_family_arm_m3_Hwi_excBusFault__I)
                  00003054    00000004     empty_pem4f.oem4f (.text:ti_sysbios_BIOS_RtsGateProxy_leave__E)
                  00003058    00000164     sysbios.aem4f : BIOS.obj (.text:ti_sysbios_family_arm_m3_Hwi_excUsageFault__I)
                  000031bc    00000150     drivers_tivaware.aem4f : GPIOTiva.oem4f (.text:GPIO_setConfig)
                  0000330c    00000004     sysbios.aem4f : BIOS.obj (.text:ti_sysbios_family_arm_lm4_Timer_masterEnable__I)
                  00003310    00000148                   : BIOS.obj (.text:ti_sysbios_family_arm_m3_Hwi_excMemFault__I)
                  00003458    0000013c                   : BIOS.obj (.text:ti_sysbios_heaps_HeapMem_Instance_init__E)
                  00003594    00000136     rtsv7M4_T_le_v4SPD16_eabi.lib : fd_div_t2.obj (.text)
                  000036ca    00000006     driverlib.lib : gpio.obj (.text:GPIOIntClear)
                  000036d0    00000134     sysbios.aem4f : BIOS.obj (.text:ti_sysbios_family_arm_lm4_Timer_start__E)
                  00003804    00000130     driverlib.lib : gpio.obj (.text:GPIOPadConfigSet)
                  00003934    00000004     empty_pem4f.oem4f (.text:ti_sysbios_family_arm_m3_Hwi_destruct)
                  00003938    0000011c     sysbios.aem4f : BIOS.obj (.text:ti_sysbios_knl_Clock_Instance_init__E)
                  00003a54    00000118     ti.targets.arm.rtsarm.aem4f : Error.oem4f (.text:xdc_runtime_Error_policyDefault__E)
                  00003b6c    00000104     uartConsole.obj (.text:uartConsoleInputProcessing)
                  00003c70    00000100     ti.targets.arm.rtsarm.aem4f : Core-mem.oem4f (.text:xdc_runtime_Core_createObject__I)
                  00003d70    000000fc     rtsv7M4_T_le_v4SPD16_eabi.lib : fd_mul_t2.obj (.text)
                  00003e6c    000000f8     ti.targets.arm.rtsarm.aem4f : Startup.oem4f (.text:xdc_runtime_Startup_startMods__I)
                  00003f64    000000f8     empty_pem4f.oem4f (.text:xdc_runtime_System_printfExtend__I)
                  0000405c    000000f4     rtsv7M4_T_le_v4SPD16_eabi.lib : s_scalbn.obj (.text)
                  00004150    000000f4     sysbios.aem4f : m3_Hwi_asm.obj (.text:ti_sysbios_family_arm_m3_Hwi_dispatch__I)
                  00004244    000000f4     uartConsole.obj (.text:uartConsoleFxn)
                  00004338    000000ec     sysbios.aem4f : BIOS.obj (.text:ti_sysbios_knl_Semaphore_post__E)
                  00004424    000000cc     ti.targets.arm.rtsarm.aem4f : Core-smem.oem4f (.text:xdc_runtime_Core_constructObject__I)
                  000044f0    000000bc     sysbios.aem4f : BIOS.obj (.text:ti_sysbios_family_arm_m3_Hwi_excDebugMon__I)
                  000045ac    00000004     empty_pem4f.oem4f (.text:ti_sysbios_family_arm_m3_TaskSupport_Module__startupDone__S)
                  000045b0    000000bc     sysbios.aem4f : BIOS.obj (.text:ti_sysbios_family_arm_m3_Hwi_excHardFault__I)
                  0000466c    000000b8     EK_TM4C1294XL.obj (.text:EK_TM4C1294XL_initGeneral)
                  00004724    00000004     empty_pem4f.oem4f (.text:ti_sysbios_heaps_HeapMem_Module_GateProxy_enter__E)
                  00004728    000000b4     sysbios.aem4f : BIOS.obj (.text:ti_sysbios_gates_GateMutex_enter__E)
                  000047dc    00000004     empty_pem4f.oem4f (.text:ti_sysbios_heaps_HeapMem_Module_GateProxy_leave__E)
                  000047e0    000000b4     sysbios.aem4f : BIOS.obj (.text:ti_sysbios_knl_Task_checkStacks__E)
                  00004894    000000ac     drivers_tivaware.aem4f : UARTTiva.oem4f (.text:readTaskBlocking)
                  00004940    000000ac     sysbios.aem4f : BIOS.obj (.text:ti_sysbios_family_arm_lm4_Timer_enableTiva__I)
                  000049ec    00000004     empty_pem4f.oem4f (.text:ti_sysbios_knl_Clock_TimerProxy_getMaxTicks__E)
                  000049f0    000000a8     sysbios.aem4f : BIOS.obj (.text:ti_sysbios_family_arm_lm4_Timer_enableTimers__I)
                  00004a98    000000a8                   : BIOS.obj (.text:ti_sysbios_knl_Task_postInit__I)
                  00004b40    000000a4                   : BIOS.obj (.text:ti_sysbios_knl_Clock_Instance_finalize__E)
                  00004be4    000000a0     auto_init.aem4f : auto_init.oem4f (.text)
                  00004c84    000000a0     ti.targets.arm.rtsarm.aem4f : Text.oem4f (.text:xdc_runtime_Text_putMod__E)
                  00004d24    0000009c     rtsv7M4_T_le_v4SPD16_eabi.lib : memcpy_t2.obj (.text)
                  00004dc0    0000009c     sysbios.aem4f : BIOS.obj (.text:ti_sysbios_knl_Semaphore_Instance_init__E)
                  00004e5c    0000009a     ti.targets.arm.rtsarm.aem4f : Text.oem4f (.text:xdc_runtime_Text_putSite__E)
                  00004ef6    00000098     drivers_tivaware.aem4f : UARTTiva.oem4f (.text:UARTTiva_readPolling)
                  00004f8e    00000002     uartConsole_shell.obj (.text:uartConsoleShell_RawEasyLinkRxFxn)
                  00004f90    00000098     Boot.aem4f : Boot.oem4f (.text:ti_catalog_arm_cortexm4_tiva_ce_Boot_sysCtlClockFreqSet__E)
                  00005028    00000094     drivers_tivaware.aem4f : UARTTiva.oem4f (.text:UARTTiva_write)
                  000050bc    00000004     empty_pem4f.oem4f (.text:ti_sysbios_knl_Clock_destruct)
                  000050c0    00000094     sysbios.aem4f : BIOS.obj (.text:ti_sysbios_family_arm_m3_Hwi_Instance_init__E)
                  00005154    00000004     empty_pem4f.oem4f (.text:ti_sysbios_knl_Queue_destruct)
                  00005158    00000094     sysbios.aem4f : BIOS.obj (.text:ti_sysbios_family_arm_m3_Hwi_initNVIC__E)
                  000051ec    0000008c     drivers_tivaware.aem4f : GPIOTiva.oem4f (.text:GPIO_init)
                  00005278    0000008c                            : UARTTiva.oem4f (.text:UARTTiva_control)
                  00005304    0000008c     sysbios.aem4f : m3_TaskSupport_asm.obj (.text:ti_sysbios_family_arm_m3_TaskSupport_buildTaskStack)
                  00005390    0000008a     drivers_tivaware.aem4f : UARTTiva.oem4f (.text:readIsrTextBlocking)
                  0000541a    00000086     rtsv7M4_T_le_v4SPD16_eabi.lib : fd_cmp_t2.obj (.text:__aeabi_cdcmple)
                  000054a0    00000086                                   : fd_cmp_t2.obj (.text:__aeabi_cdrcmple)
                  00005526    00000002     empty_pem4f.oem4f (.text:xdc_runtime_Startup_reset__I)
                  00005528    00000084     sysbios.aem4f : BIOS.obj (.text:ti_sysbios_family_arm_m3_Hwi_postInit__I)
                  000055ac    00000082     drivers_tivaware.aem4f : UARTTiva.oem4f (.text:readIsrTextCallback)
                  0000562e    0000007a                            : UARTTiva.oem4f (.text:readTaskCallback)
                  000056a8    0000007a     rtsv7M4_T_le_v4SPD16_eabi.lib : memset_t2.obj (.text)
                  00005722    00000006     driverlib.lib : gpio.obj (.text:GPIOPinWrite)
                  00005728    00000074     sysbios.aem4f : BIOS.obj (.text:ti_sysbios_knl_Clock_start__E)
                  0000579c    00000004     empty_pem4f.oem4f (.text:ti_sysbios_knl_Semaphore_destruct)
                  000057a0    00000070     sysbios.aem4f : BIOS.obj (.text:ti_sysbios_knl_Task_exit__E)
                  00005810    00000070     uartConsole_shell.obj (.text:uartConsoleShell_start)
                  00005880    0000006d     ti.targets.arm.rtsarm.aem4f : System.oem4f (.text:xdc_runtime_System_formatNum__I)
                  000058ed    00000003     --HOLE-- [fill = 0]
                  000058f0    0000006c     uartConsole.obj (.text:consoleAUXinit)
                  0000595c    00000004     ti.targets.arm.rtsarm.aem4f : Error.oem4f (.text:xdc_runtime_Error_getSite__E)
                  00005960    0000006c     sysbios.aem4f : BIOS.obj (.text:ti_sysbios_knl_Clock_workFunc__E)
                  000059cc    00000004     empty_pem4f.oem4f (.text:xdc_runtime_System_Module_GateProxy_enter__E)
                  000059d0    0000006c     sysbios.aem4f : BIOS.obj (.text:ti_sysbios_knl_Swi_restoreHwi__E)
                  00005a3c    0000006c     drivers_tivaware.aem4f : UARTTiva.oem4f (.text:writeData)
                  00005aa8    0000006c     ti.targets.arm.rtsarm.aem4f : Error.oem4f (.text:xdc_runtime_Error_print__E)
                  00005b14    0000006c                                 : Memory.oem4f (.text:xdc_runtime_Memory_alloc__E)
                  00005b80    00000068     rtsv7M4_T_le_v4SPD16_eabi.lib : copy_decompress_lzss.obj (.text:decompress:lzss)
                  00005be8    00000068                                   : trgmsg.obj (.text)
                  00005c50    00000066     ti.targets.arm.rtsarm.aem4f : Core-mem.oem4f (.text:xdc_runtime_Core_deleteObject__I)
                  00005cb6    00000002     --HOLE-- [fill = 0]
                  00005cb8    00000064     drivers_tivaware.aem4f : GPIOTiva.oem4f (.text:GPIO_hwiIntFxn)
                  00005d1c    00000064     rtsv7M4_T_le_v4SPD16_eabi.lib : s_frexp.obj (.text)
                  00005d80    00000064     sysbios.aem4f : BIOS.obj (.text:ti_sysbios_family_arm_lm4_Timer_Module_startup__E)
                  00005de4    00000064     empty_pem4f.oem4f (.text:ti_sysbios_family_arm_m3_Hwi_create)
                  00005e48    00000064     sysbios.aem4f : BIOS.obj (.text:ti_sysbios_family_arm_m3_Hwi_dispatchC__I)
                  00005eac    00000060     empty.obj (.text:main)
                  00005f0c    00000060     rtsv7M4_T_le_v4SPD16_eabi.lib : sprintf.obj (.text)
                  00005f6c    00000004     empty_pem4f.oem4f (.text:xdc_runtime_System_Module_GateProxy_leave__E)
                  00005f70    00000060     sysbios.aem4f : BIOS.obj (.text:ti_sysbios_family_arm_lm4_Timer_isrStub__E)
                  00005fd0    00000060                   : BIOS.obj (.text:ti_sysbios_knl_Task_schedule__I)
                  00006030    0000005e     drivers_tivaware.aem4f : UARTTiva.oem4f (.text:readIsrBinaryBlocking)
                  0000608e    00000002     --HOLE-- [fill = 0]
                  00006090    0000005c     sysbios.aem4f : BIOS.obj (.text:ti_sysbios_knl_Swi_run__I)
                  000060ec    00000004     ti.targets.arm.rtsarm.aem4f : System.oem4f (.text:xdc_runtime_System_aprintf_va__F)
                  000060f0    0000005c     sysbios.aem4f : BIOS.obj (.text:ti_sysbios_knl_Swi_schedule__I)
                  0000614c    00000004     ti.targets.arm.rtsarm.aem4f : System.oem4f (.text:xdc_runtime_System_printf_va__F)
                  00006150    0000005c     sysbios.aem4f : BIOS.obj (.text:ti_sysbios_knl_Task_Module_startup__E)
                  000061ac    00000004     --HOLE-- [fill = 0]
                  000061b0    0000005c                   : BIOS.obj (.text:ti_sysbios_knl_Task_startCore__E)
                  0000620c    0000005b     ti.targets.arm.rtsarm.aem4f : Text.oem4f (.text:xdc_runtime_Text_putLab__E)
                  00006267    00000001     --HOLE-- [fill = 0]
                  00006268    00000058     boot.aem4f : boot.oem4f (.text)
                  000062c0    00000058     rtsv7M4_T_le_v4SPD16_eabi.lib : hostwrite.obj (.text)
                  00006318    00000058     empty_pem4f.oem4f (.text:ti_sysbios_family_arm_m3_Hwi_construct)
                  00006370    00000058     sysbios.aem4f : m3_Hwi_asm_switch.obj (.text:ti_sysbios_family_arm_m3_Hwi_initStacks__E)
                  000063c8    00000056     driverlib.lib : gpio.obj (.text:GPIOIntTypeSet)
                  0000641e    00000002     --HOLE-- [fill = 0]
                  00006420    00000054     uartConsole_shell.obj (.text:consoleParseIncomingCmd)
                  00006474    00000054     uartConsole_shell.obj (.text:helpCmd)
                  000064c8    00000054     drivers_tivaware.aem4f : UARTTiva.oem4f (.text:readIsrBinaryCallback)
                  0000651c    00000054     rtsv7M4_T_le_v4SPD16_eabi.lib : ltoa.obj (.text)
                  00006570    00000054     empty_pem4f.oem4f (.text:ti_sysbios_knl_Task_construct)
                  000065c4    00000054     ti.targets.arm.rtsarm.aem4f : Assert.oem4f (.text:xdc_runtime_Assert_raise__I)
                  00006618    00000050     drivers_tivaware.aem4f : GPIOTiva.oem4f (.text:GPIO_setCallback)
                  00006668    00000050                            : UARTTiva.oem4f (.text:UARTTiva_writeCancel)
                  000066b8    00000050     Boot.aem4f : Boot_sysctl.oem4f (.text:_SysCtlFrequencyGet)
                  00006708    00000050     sysbios.aem4f : BIOS.obj (.text:ti_sysbios_family_arm_m3_Hwi_Module_startup__E)
                  00006758    00000050     ti.targets.arm.rtsarm.aem4f : Startup.oem4f (.text:xdc_runtime_Startup_exec__E)
                  000067a8    00000050                                 : Text.oem4f (.text:xdc_runtime_Text_visitRope2__I)
                  000067f8    0000004c     drivers_tivaware.aem4f : UARTTiva.oem4f (.text:UARTTiva_close)
                  00006844    0000004c     rtsv7M4_T_le_v4SPD16_eabi.lib : atoi.obj (.text)
                  00006890    0000004c                                   : cpy_tbl.obj (.text)
                  000068dc    00000004     --HOLE-- [fill = 0]
                  000068e0    0000004c     sysbios.aem4f : BIOS.obj (.text:ti_sysbios_heaps_HeapMem_getStats__E)
                  0000692c    00000004     --HOLE-- [fill = 0]
                  00006930    0000004c                   : BIOS.obj (.text:ti_sysbios_knl_Swi_runLoop__I)
                  0000697c    00000004     --HOLE-- [fill = 0]
                  00006980    0000004c                   : BIOS.obj (.text:ti_sysbios_knl_Task_allBlockedFunction__I)
                  000069cc    00000048     driverlib.lib : gpio.obj (.text:GPIOPinConfigure)
                  00006a14    00000048     rtsv7M4_T_le_v4SPD16_eabi.lib : fd_toi_t2.obj (.text)
                  00006a5c    00000004     --HOLE-- [fill = 0]
                  00006a60    00000048     sysbios.aem4f : BIOS.obj (.text:ti_sysbios_family_arm_m3_Hwi_disableInterrupt__E)
                  00006aa8    00000048                   : BIOS.obj (.text:ti_sysbios_family_arm_m3_Hwi_enableInterrupt__E)
                  00006af0    00000048                   : BIOS.obj (.text:ti_sysbios_family_arm_m3_Hwi_excReserved__I)
                  00006b38    00000046     drivers_tivaware.aem4f : RingBuf.oem4f (.text:RingBuf_put)
                  00006b7e    00000046     ti.targets.arm.rtsarm.aem4f : Core-params.oem4f (.text:xdc_runtime_Core_assignParams__I)
                  00006bc4    00000004     --HOLE-- [fill = 0]
                  00006bc8    00000044     sysbios.aem4f : BIOS.obj (.text:ti_sysbios_family_arm_m3_Hwi_getStackInfo__E)
                  00006c0c    00000004     --HOLE-- [fill = 0]
                  00006c10    00000044                   : BIOS.obj (.text:ti_sysbios_knl_Swi_post__E)
                  00006c54    00000044     uartConsole.obj (.text:uartConsole_createTask)
                  00006c98    00000044     uartConsole_shell.obj (.text:unknownCmd)
                  00006cdc    00000044     ti.targets.arm.rtsarm.aem4f : Error.oem4f (.text:xdc_runtime_Error_setX__E)
                  00006d20    00000044                                 : SysMin.oem4f (.text:xdc_runtime_SysMin_flush__E)
                  00006d64    00000044                                 : Text.oem4f (.text:xdc_runtime_Text_xprintf__I)
                  00006da8    00000042     driverlib.lib : uart.obj (.text:UARTConfigSetExpClk)
                  00006dea    00000042     drivers_tivaware.aem4f : UARTTiva.oem4f (.text:UARTTiva_hwiIntFxn)
                  00006e2c    00000042                            : UARTTiva.oem4f (.text:UARTTiva_writePolling)
                  00006e6e    00000040                            : RingBuf.oem4f (.text:RingBuf_get)
                  00006eae    00000040                            : UARTTiva.oem4f (.text:UARTTiva_read)
                  00006eee    00000040     rtsv7M4_T_le_v4SPD16_eabi.lib : u_divt2.obj (.text)
                  00006f2e    00000002     --HOLE-- [fill = 0]
                  00006f30    00000040     sysbios.aem4f : BIOS.obj (.text:ti_sysbios_family_arm_lm4_Timer_startup__E)
                  00006f70    0000003c                   : BIOS.obj (.text:ti_sysbios_family_arm_m3_Hwi_excSvCall__I)
                  00006fac    00000004     --HOLE-- [fill = 0]
                  00006fb0    0000003c                   : BIOS.obj (.text:ti_sysbios_heaps_HeapMem_init__I)
                  00006fec    00000004     --HOLE-- [fill = 0]
                  00006ff0    0000003c                   : BIOS.obj (.text:ti_sysbios_knl_Swi_restore__E)
                  0000702c    00000038     drivers_tivaware.aem4f : UART.oem4f (.text:UART_init)
                  00007064    00000004     --HOLE-- [fill = 0]
                  00007068    00000038     sysbios.aem4f : BIOS.obj (.text:ti_sysbios_family_arm_m3_Hwi_excNoIsr__I)
                  000070a0    00000038                   : BIOS.obj (.text:ti_sysbios_knl_Task_processVitalTaskFlag__I)
                  000070d8    00000038     ti.targets.arm.rtsarm.aem4f : SysMin.oem4f (.text:xdc_runtime_SysMin_putch__E)
                  00007110    00000038                                 : System.oem4f (.text:xdc_runtime_System_atexit__E)
                  00007148    00000036     drivers_tivaware.aem4f : UARTTiva.oem4f (.text:UARTTiva_readCancel)
                  0000717e    00000036     rtsv7M4_T_le_v4SPD16_eabi.lib : strncpy.obj (.text)
                  000071b4    00000034     driverlib.lib : sysctl.obj (.text:SysCtlPeripheralEnable)
                  000071e8    00000034     sysbios.aem4f : BIOS.obj (.text:ti_sysbios_family_arm_m3_Hwi_Instance_finalize__E)
                  0000721c    00000004     --HOLE-- [fill = 0]
                  00007220    00000034                   : BIOS.obj (.text:ti_sysbios_family_arm_m3_Hwi_excNmi__I)
                  00007254    00000004     --HOLE-- [fill = 0]
                  00007258    00000034                   : BIOS.obj (.text:ti_sysbios_hal_Hwi_checkStack)
                  0000728c    00000034     empty_pem4f.oem4f (.text:ti_sysbios_knl_Clock_construct)
                  000072c0    00000034     empty_pem4f.oem4f (.text:ti_sysbios_knl_Semaphore_create)
                  000072f4    00000034     ti.targets.arm.rtsarm.aem4f : Core-label.oem4f (.text:xdc_runtime_Core_assignLabel__I)
                  00007328    00000033                                 : Text.oem4f (.text:xdc_runtime_Text_printVisFxn__I)
                  0000735b    00000005     --HOLE-- [fill = 0]
                  00007360    00000032     sysbios.aem4f : BIOS.obj (.text:ti_sysbios_hal_Hwi_initStack)
                  00007392    00000002     --HOLE-- [fill = 0]
                  00007394    00000030     drivers_tivaware.aem4f : UART.oem4f (.text:UART_open)
                  000073c4    00000030     empty_pem4f.oem4f (.text:ti_sysbios_BIOS_atExitFunc__I)
                  000073f4    00000004     --HOLE-- [fill = 0]
                  000073f8    00000030     sysbios.aem4f : BIOS.obj (.text:ti_sysbios_family_arm_lm4_Timer_stop__E)
                  00007428    00000030                   : BIOS.obj (.text:ti_sysbios_family_arm_m3_TaskSupport_start__E)
                  00007458    00000030     empty_pem4f.oem4f (.text:ti_sysbios_gates_GateHwi_Object__create__S)
                  00007488    00000030     empty_pem4f.oem4f (.text:ti_sysbios_gates_GateMutex_Object__create__S)
                  000074b8    00000030     empty_pem4f.oem4f (.text:ti_sysbios_heaps_HeapMem_Object__create__S)
                  000074e8    00000030     empty_pem4f.oem4f (.text:ti_sysbios_knl_Semaphore_construct)
                  00007518    00000030     sysbios.aem4f : BIOS.obj (.text:ti_sysbios_knl_Semaphore_pendTimeout__I)
                  00007548    00000030                   : BIOS.obj (.text:ti_sysbios_knl_Task_unblockI__E)
                  00007578    00000030     ti.targets.arm.rtsarm.aem4f : SysMin.oem4f (.text:xdc_runtime_SysMin_abort__E)
                  000075a8    00000030                                 : System.oem4f (.text:xdc_runtime_System_processAtExit__E)
                  000075d8    0000002e     rtsv7M4_T_le_v4SPD16_eabi.lib : i_tofd_t2.obj (.text)
                  00007606    00000002     --HOLE-- [fill = 0]
                  00007608    0000002c     EK_TM4C1294XL.obj (.text:EK_TM4C1294XL_initUART)
                  00007634    0000002c     rtsv7M4_T_le_v4SPD16_eabi.lib : strncmp.obj (.text)
                  00007660    0000002c     empty_pem4f.oem4f (.text:ti_sysbios_knl_Clock_doTick__I)
                  0000768c    0000002c     empty_pem4f.oem4f (.text:ti_sysbios_knl_Queue_construct)
                  000076b8    0000002c     sysbios.aem4f : BIOS.obj (.text:ti_sysbios_knl_Task_restore__E)
                  000076e4    0000002c     ti.targets.arm.rtsarm.aem4f : Text.oem4f (.text:xdc_runtime_Text_cordText__E)
                  00007710    0000002a     driverlib.lib : gpio.obj (.text:GPIODirModeSet)
                  0000773a    0000002a     ti.targets.arm.rtsarm.aem4f : System.oem4f (.text:xdc_runtime_System_putchar__I)
                  00007764    00000004     --HOLE-- [fill = 0]
                  00007768    00000028     sysbios.aem4f : BIOS.obj (.text:ti_sysbios_knl_Swi_Module_startup__E)
                  00007790    00000026                   : m3_Hwi_asm.obj (.text:ti_sysbios_family_arm_m3_Hwi_pendSV__I)
                  000077b6    00000026     ti.targets.arm.rtsarm.aem4f : System.oem4f (.text:xdc_runtime_System_avprintf__E)
                  000077dc    00000024     empty_pem4f.oem4f (.text:ti_sysbios_BIOS_errorRaiseHook__I)
                  00007800    00000024     empty_pem4f.oem4f (.text:ti_sysbios_BIOS_registerRTSLock__I)
                  00007824    00000024     empty_pem4f.oem4f (.text:ti_sysbios_BIOS_removeRTSLock__I)
                  00007848    00000024     empty_pem4f.oem4f (.text:ti_sysbios_BIOS_startFunc__I)
                  0000786c    00000024     empty_pem4f.oem4f (.text:ti_sysbios_gates_GateMutex_Object__delete__S)
                  00007890    00000024     sysbios.aem4f : BIOS.obj (.text:ti_sysbios_knl_Clock_Module_startup__E)
                  000078b4    00000004     --HOLE-- [fill = 0]
                  000078b8    00000024                   : BIOS.obj (.text:ti_sysbios_knl_Task_restoreHwi__E)
                  000078dc    00000024     ti.targets.arm.rtsarm.aem4f : System.oem4f (.text:xdc_runtime_System_vprintf__E)
                  00007900    00000022     sysbios.aem4f : BIOS.obj (.text:ti_sysbios_family_arm_lm4_Timer_write__I)
                  00007922    00000022     empty_pem4f.oem4f (.text:xdc_runtime_SysMin_output__I)
                  00007944    00000020     Boot.aem4f : Boot_sysctl.oem4f (.text:_SysCtlMemTimingGet)
                  00007964    00000020     empty_pem4f.oem4f (.text:ti_sysbios_BIOS_rtsLock__I)
                  00007984    00000020     sysbios.aem4f : m3_Hwi_asm.obj (.text:ti_sysbios_family_arm_m3_Hwi_excHandlerAsm__I)
                  000079a4    00000004     --HOLE-- [fill = 0]
                  000079a8    00000020                   : BIOS.obj (.text:ti_sysbios_family_arm_m3_Hwi_excHandler__I)
                  000079c8    00000020     empty_pem4f.oem4f (.text:ti_sysbios_gates_GateHwi_Object__delete__S)
                  000079e8    00000020     empty_pem4f.oem4f (.text:ti_sysbios_heaps_HeapMem_Object__delete__S)
                  00007a08    00000020     empty_pem4f.oem4f (.text:ti_sysbios_knl_Clock_Object__destruct__S)
                  00007a28    00000020     sysbios.aem4f : BIOS.obj (.text:ti_sysbios_knl_Idle_run__E)
                  00007a48    00000020     empty_pem4f.oem4f (.text:ti_sysbios_knl_Semaphore_Object__destruct__S)
                  00007a68    00000020     uartConsole.obj (.text:uartReadCallback)
                  00007a88    00000020     ti.targets.arm.rtsarm.aem4f : Registry.oem4f (.text:xdc_runtime_Registry_findById__E)
                  00007aa8    00000020                                 : SysMin.oem4f (.text:xdc_runtime_SysMin_Module_startup__E)
                  00007ac8    0000001e     sysbios.aem4f : m3_Hwi_asm_switch.obj (.text:ti_sysbios_family_xxx_Hwi_switchAndRunFunc)
                  00007ae6    00000002     --HOLE-- [fill = 0]
                  00007ae8    0000001c     driverlib.lib : uart.obj (.text:UARTDisable)
                  00007b04    0000001c     drivers_tivaware.aem4f : GPIOTiva.oem4f (.text:getGpioIntIndex)
                  00007b20    0000001c     rtsv7M4_T_le_v4SPD16_eabi.lib : memccpy.obj (.text)
                  00007b3c    0000001c     empty_pem4f.oem4f (.text:ti_sysbios_family_arm_m3_Hwi_Object__destruct__S)
                  00007b58    0000001c     sysbios.aem4f : BIOS.obj (.text:ti_sysbios_gates_GateMutex_Instance_init__E)
                  00007b74    0000001c     empty_pem4f.oem4f (.text:ti_sysbios_knl_Queue_Object__destruct__S)
                  00007b90    0000001c     sysbios.aem4f : BIOS.obj (.text:ti_sysbios_knl_Task_enter__I)
                  00007bac    0000001c     uartConsole.obj (.text:uartConsole_outputStr)
                  00007bc8    0000001c     ti.targets.arm.rtsarm.aem4f : Error.oem4f (.text:xdc_runtime_Error_raiseX__E)
                  00007be4    0000001c                                 : Memory.oem4f (.text:xdc_runtime_Memory_valloc__E)
                  00007c00    0000001c                                 : SysMin.oem4f (.text:xdc_runtime_SysMin_exit__E)
                  00007c1c    0000001c                                 : System.oem4f (.text:xdc_runtime_System_abort__E)
                  00007c38    0000001a     empty_pem4f.oem4f (.text:ti_sysbios_family_arm_m3_Hwi_Handle__label__S)
                  00007c52    0000001a     empty_pem4f.oem4f (.text:ti_sysbios_gates_GateHwi_Handle__label__S)
                  00007c6c    0000001a     empty_pem4f.oem4f (.text:ti_sysbios_gates_GateMutex_Handle__label__S)
                  00007c86    0000001a     empty_pem4f.oem4f (.text:ti_sysbios_heaps_HeapMem_Handle__label__S)
                  00007ca0    0000001a     empty_pem4f.oem4f (.text:ti_sysbios_knl_Swi_Handle__label__S)
                  00007cba    0000001a     empty_pem4f.oem4f (.text:ti_sysbios_knl_Task_Handle__label__S)
                  00007cd4    0000001a     empty_pem4f.oem4f (.text:xdc_runtime_System_aprintf__E)
                  00007cee    0000001a     empty_pem4f.oem4f (.text:xdc_runtime_System_printf__E)
                  00007d08    00000018     drivers_tivaware.aem4f : UART.oem4f (.text:UART_Params_init)
                  00007d20    00000018     rtsv7M4_T_le_v4SPD16_eabi.lib : args_main.obj (.text)
                  00007d38    00000018     empty_pem4f.oem4f (.text:ti_sysbios_BIOS_rtsUnlock__I)
                  00007d50    00000018     empty_pem4f.oem4f (.text:ti_sysbios_family_arm_lm4_Timer_Module__startupDone__F)
                  00007d68    00000018     empty_pem4f.oem4f (.text:ti_sysbios_family_arm_m3_Hwi_Module__startupDone__F)
                  00007d80    00000018     sysbios.aem4f : m3_TaskSupport_asm.obj (.text:ti_sysbios_family_arm_m3_TaskSupport_swap__E)
                  00007d98    00000018                   : BIOS.obj (.text:ti_sysbios_gates_GateMutex_leave__E)
                  00007db0    00000018     uartConsole_shell.obj (.text:uartConsoleShell_DoFxn)
                  00007dc8    00000018     uartConsole_shell.obj (.text:uartConsoleShell_prompt)
                  00007de0    00000018     ti.targets.arm.rtsarm.aem4f : Error.oem4f (.text:xdc_runtime_Error_check__E)
                  00007df8    00000018                                 : System.oem4f (.text:xdc_runtime_System_exit__E)
                  00007e10    00000018                                 : Text.oem4f (.text:xdc_runtime_Text_ropeText__E)
                  00007e28    00000016     rtsv7M4_T_le_v4SPD16_eabi.lib : strchr.obj (.text)
                  00007e3e    00000016     empty_pem4f.oem4f (.text:ti_sysbios_BIOS_exitFunc__I)
                  00007e54    00000016     uartConsole.obj (.text:ti_sysbios_knl_Semaphore_Params_init)
                  00007e6a    00000016     uartConsole_shell.obj (.text:ti_sysbios_knl_Semaphore_Params_init)
                  00007e80    00000016     uartConsole.obj (.text:ti_sysbios_knl_Task_Params_init)
                  00007e96    00000014     driverlib.lib : uart.obj (.text:UARTEnable)
                  00007eaa    00000002     --HOLE-- [fill = 0]
                  00007eac    00000014     rtsv7M4_T_le_v4SPD16_eabi.lib : _lock.obj (.text)
                  00007ec0    00000014                                   : s_copysign.obj (.text)
                  00007ed4    00000014                                   : strlen.obj (.text)
                  00007ee8    00000014     empty_pem4f.oem4f (.text:ti_sysbios_family_arm_m3_Hwi_Object__get__S)
                  00007efc    00000004     --HOLE-- [fill = 0]
                  00007f00    00000014     sysbios.aem4f : BIOS.obj (.text:ti_sysbios_family_arm_m3_Hwi_switchFromBootStack__E)
                  00007f14    00000014     empty_pem4f.oem4f (.text:ti_sysbios_heaps_HeapMem_Object__get__S)
                  00007f28    00000014     empty_pem4f.oem4f (.text:ti_sysbios_knl_Swi_Object__get__S)
                  00007f3c    00000013     uartConsole_shell.obj (.text:uartConsoleShell_CorsorON)
                  00007f4f    00000001     --HOLE-- [fill = 0]
                  00007f50    00000012     driverlib.lib : gpio.obj (.text:GPIOPinTypeUART)
                  00007f62    00000012     drivers_tivaware.aem4f : RingBuf.oem4f (.text:RingBuf_construct)
                  00007f74    00000004     --HOLE-- [fill = 0]
                  00007f78    00000012     sysbios.aem4f : BIOS.obj (.text:ti_sysbios_hal_Hwi_Module_startup__E)
                  00007f8a    00000012     empty_pem4f.oem4f (.text:xdc_runtime_Startup_exec__I)
                  00007f9c    00000010     empty_pem4f.oem4f (.text:.bootCodeSection:ti_catalog_arm_cortexm4_tiva_ce_Boot_init__I)
                  00007fac    00000010     uartConsole_shell.obj (.text:ConsolePrintOK)
                  00007fbc    00000010     drivers_tivaware.aem4f : UARTTiva.oem4f (.text:readBlockingTimeout)
                  00007fcc    00000004     --HOLE-- [fill = 0]
                  00007fd0    00000010     sysbios.aem4f : BIOS.obj (.text:ti_sysbios_BIOS_getCpuFreq__E)
                  00007fe0    00000010                   : BIOS.obj (.text:ti_sysbios_BIOS_setThreadType__E)
                  00007ff0    00000010                   : BIOS.obj (.text:ti_sysbios_BIOS_start__E)
                  00008000    00000010                   : m3_TaskSupport_asm.obj (.text:ti_sysbios_family_arm_m3_TaskSupport_glue)
                  00008010    00000010                   : BIOS.obj (.text:ti_sysbios_gates_GateMutex_Instance_finalize__E)
                  00008020    00000010                   : BIOS.obj (.text:ti_sysbios_knl_Semaphore_Instance_finalize__E)
                  00008030    00000010                   : BIOS.obj (.text:ti_sysbios_knl_Swi_disable__E)
                  00008040    00000010     empty_pem4f.oem4f (.text:ti_sysbios_knl_Task_Object__get__S)
                  00008050    00000010     sysbios.aem4f : BIOS.obj (.text:ti_sysbios_knl_Task_disable__E)
                  00008060    00000010     ti.targets.arm.rtsarm.aem4f : Gate.oem4f (.text:xdc_runtime_Gate_leaveSystem__E)
                  00008070    00000010                                 : Memory.oem4f (.text:xdc_runtime_Memory_free__E)
                  00008080    00000010                                 : SysMin.oem4f (.text:xdc_runtime_SysMin_ready__E)
                  00008090    00000010                                 : System.oem4f (.text:xdc_runtime_System_vsnprintf__E)
                  000080a0    00000010     empty_pem4f.oem4f (.text:xdc_runtime_Text_visitRope__I)
                  000080b0    0000000e     driverlib.lib : gpio.obj (.text:GPIOIntStatus)
                  000080be    0000000e                   : uart.obj (.text:UARTCharGetNonBlocking)
                  000080cc    0000000e                   : uart.obj (.text:UARTCharPutNonBlocking)
                  000080da    0000000e     rtsv7M4_T_le_v4SPD16_eabi.lib : copy_decompress_none.obj (.text:decompress:none)
                  000080e8    0000000e     sysbios.aem4f : BIOS.obj (.text:ti_sysbios_knl_Idle_loop__E)
                  000080f6    00000002     --HOLE-- [fill = 0]
                  000080f8    0000000e                   : BIOS.obj (.text:ti_sysbios_knl_Queue_empty__E)
                  00008106    0000000c     drivers_tivaware.aem4f : RingBuf.oem4f (.text:RingBuf_peek)
                  00008112    0000000c     driverlib.lib : uart.obj (.text:UARTFlowControlSet)
                  0000811e    0000000c     drivers_tivaware.aem4f : UARTTiva.oem4f (.text:UARTTiva_init)
                  0000812a    0000000c     rtsv7M4_T_le_v4SPD16_eabi.lib : copy_zero_init.obj (.text:decompress:ZI)
                  00008136    0000000c     uartConsole_shell.obj (.text:testCmd)
                  00008142    00000006     driverlib.lib : uart.obj (.text:UARTFIFOLevelSet)
                  00008148    0000000c     sysbios.aem4f : BIOS.obj (.text:ti_sysbios_family_arm_lm4_Timer_getMaxTicks__E)
                  00008154    0000000c     empty_pem4f.oem4f (.text:ti_sysbios_family_arm_m3_Hwi_Params__init__S)
                  00008160    0000000c     sysbios.aem4f : BIOS.obj (.text:ti_sysbios_family_arm_m3_Hwi_disableFxn__E)
                  0000816c    00000004     --HOLE-- [fill = 0]
                  00008170    0000000c                   : BIOS.obj (.text:ti_sysbios_family_arm_m3_TaskSupport_checkStack__E)
                  0000817c    00000004     --HOLE-- [fill = 0]
                  00008180    0000000c                   : BIOS.obj (.text:ti_sysbios_family_arm_m3_TaskSupport_getStackAlignment__E)
                  0000818c    00000004     --HOLE-- [fill = 0]
                  00008190    0000000c                   : BIOS.obj (.text:ti_sysbios_gates_GateHwi_enter__E)
                  0000819c    0000000c     empty_pem4f.oem4f (.text:ti_sysbios_knl_Clock_Params__init__S)
                  000081a8    0000000c     empty_pem4f.oem4f (.text:ti_sysbios_knl_Queue_Object__get__S)
                  000081b4    0000000c     empty_pem4f.oem4f (.text:ti_sysbios_knl_Semaphore_Params__init__S)
                  000081c0    0000000c     empty_pem4f.oem4f (.text:ti_sysbios_knl_Task_Params__init__S)
                  000081cc    0000000c     uartConsole_shell.obj (.text:timeCmd)
                  000081d8    0000000c     ti.targets.arm.rtsarm.aem4f : Error.oem4f (.text:xdc_runtime_Error_init__E)
                  000081e4    0000000c                                 : Gate.oem4f (.text:xdc_runtime_Gate_enterSystem__E)
                  000081f0    0000000c                                 : Memory.oem4f (.text:xdc_runtime_Memory_calloc__E)
                  000081fc    0000000c                                 : Memory.oem4f (.text:xdc_runtime_Memory_getMaxDefaultTypeAlign__E)
                  00008208    0000000a     driverlib.lib : uart.obj (.text:UARTCharGet)
                  00008212    0000000a                   : uart.obj (.text:UARTCharPut)
                  0000821c    0000000a                   : uart.obj (.text:UARTIntDisable)
                  00008226    0000000a                   : uart.obj (.text:UARTIntStatus)
                  00008230    0000000a     drivers_tivaware.aem4f : UART.oem4f (.text:UART_read)
                  0000823a    0000000a                            : UART.oem4f (.text:UART_readCancel)
                  00008244    0000000a                            : UART.oem4f (.text:UART_write)
                  0000824e    0000000a     empty_pem4f.oem4f (.text:xdc_runtime_IHeap_alloc)
                  00008258    0000000a     empty_pem4f.oem4f (.text:xdc_runtime_IHeap_free)
                  00008262    00000008     EK_TM4C1294XL.obj (.text:EK_TM4C1294XL_initGPIO)
                  0000826a    00000008     driverlib.lib : uart.obj (.text:UARTIntEnable)
                  00008272    00000008                   : uart.obj (.text:UARTRxErrorGet)
                  0000827a    00000008     drivers_tivaware.aem4f : UARTTiva.oem4f (.text:readSemCallback)
                  00008282    00000008     sysbios.aem4f : BIOS.obj (.text:ti_sysbios_family_arm_lm4_Timer_masterDisable__I)
                  0000828a    00000006     driverlib.lib : uart.obj (.text:UARTRxErrorClear)
                  00008290    00000008     sysbios.aem4f : BIOS.obj (.text:ti_sysbios_family_arm_m3_Hwi_doSwiRestore__I)
                  00008298    00000008                   : BIOS.obj (.text:ti_sysbios_family_arm_m3_Hwi_startup__E)
                  000082a0    00000008     drivers_tivaware.aem4f : UARTTiva.oem4f (.text:writeSemCallback)
                  000082a8    00000006     sysbios.aem4f : BIOS.obj (.text:ti_sysbios_family_arm_m3_Hwi_doTaskRestore__I)
                  000082ae    00000002     --HOLE-- [fill = 0]
                  000082b0    00000006                   : BIOS.obj (.text:ti_sysbios_family_arm_m3_Hwi_restoreFxn__E)
                  000082b6    00000002     --HOLE-- [fill = 0]
                  000082b8    00000006                   : BIOS.obj (.text:ti_sysbios_gates_GateHwi_leave__E)
                  000082be    00000002     --HOLE-- [fill = 0]
                  000082c0    00000006                   : BIOS.obj (.text:ti_sysbios_heaps_HeapMem_isBlocking__E)
                  000082c6    00000002     --HOLE-- [fill = 0]
                  000082c8    00000006                   : BIOS.obj (.text:ti_sysbios_knl_Clock_stop__E)
                  000082ce    00000002     --HOLE-- [fill = 0]
                  000082d0    00000006                   : BIOS.obj (.text:ti_sysbios_knl_Queue_Instance_init__E)
                  000082d6    00000002     --HOLE-- [fill = 0]
                  000082d8    00000006                   : BIOS.obj (.text:ti_sysbios_knl_Swi_startup__E)
                  000082de    00000006     ti.targets.arm.rtsarm.aem4f : System.oem4f (.text:xdc_runtime_System_Module_startup__E)
                  000082e4    00000004     --HOLE-- [fill = 0]
                  000082e8    00000004     sysbios.aem4f : BIOS.obj (.text:ti_sysbios_gates_GateHwi_query__E)
                  000082ec    00000004     --HOLE-- [fill = 0]
                  000082f0    00000004                   : BIOS.obj (.text:ti_sysbios_gates_GateMutex_query__E)
                  000082f4    00000004     --HOLE-- [fill = 0]
                  000082f8    00000004                   : BIOS.obj (.text:ti_sysbios_knl_Task_startup__E)
                  000082fc    00000004     --HOLE-- [fill = 0]
                  00008300    00000002                   : BIOS.obj (.text:ti_sysbios_gates_GateHwi_Instance_init__E)
                  00008302    00000006     --HOLE-- [fill = 0]
                  00008308    00000002                   : BIOS.obj (.text:ti_sysbios_knl_Clock_logTick__E)

.const     0    0000830c    000024e8     
                  0000830c    00001861     empty_pem4f.oem4f (.const:xdc_runtime_Text_charTab__A)
                  00009b6d    00000001     empty_pem4f.oem4f (.const:xdc_runtime_Error_policy__C)
                  00009b6e    00000002     empty_pem4f.oem4f (.const:ti_catalog_arm_cortexm4_tiva_ce_Boot_Module__id__C)
                  00009b70    00000120     Boot.aem4f : Boot_sysctl.oem4f (.const:g_pppui32XTALtoVCO)
                  00009c90    00000101     rtsv7M4_T_le_v4SPD16_eabi.lib : ctype.obj (.const:.string:_ctypes_)
                  00009d91    00000001     --HOLE-- [fill = 0]
                  00009d92    000000bc     empty_pem4f.oem4f (.const:xdc_runtime_Text_nodeTab__A)
                  00009e4e    00000091     uartConsole.obj (.const:.string:sgrRandDRxTx_uartConsole_GreetingStr)
                  00009edf    00000001     --HOLE-- [fill = 0]
                  00009ee0    00000090     driverlib.lib : gpio.obj (.const:g_pui32GPIOBaseAddrs)
                  00009f70    0000006f     uartConsole_shell.obj (.const:.string:wittraBS_uartConsoleShell_GreetingStr)
                  00009fdf    00000001     --HOLE-- [fill = 0]
                  00009fe0    0000006c     Boot.aem4f : Boot_sysctl.oem4f (.const:g_pui32Xtals)
                  0000a04c    00000054     drivers_tivaware.aem4f : GPIOTiva.oem4f (.const:.string)
                  0000a0a0    0000004c                            : UARTTiva.oem4f (.const)
                  0000a0ec    00000048     empty_pem4f.oem4f (.const:.string)
                  0000a134    00000048     drivers_tivaware.aem4f : GPIOTiva.oem4f (.const:gpioBaseAddresses)
                  0000a17c    00000042     uartConsole_shell.obj (.const:.string:uartConsoleShell_TooLongInputStr)
                  0000a1be    00000002     empty_pem4f.oem4f (.const:ti_sysbios_family_arm_m3_Hwi_Module__id__C)
                  0000a1c0    00000042     uartConsole_shell.obj (.const:.string)
                  0000a202    00000002     empty_pem4f.oem4f (.const:ti_sysbios_gates_GateMutex_Module__id__C)
                  0000a204    0000003c     empty_pem4f.oem4f (.const:ti_sysbios_knl_Task_Object__PARAMS__C)
                  0000a240    00000030     Boot.aem4f : Boot_sysctl.oem4f (.const:g_sXTALtoMEMTIM)
                  0000a270    00000030     uartConsole_shell.obj (.const:parseTabTest)
                  0000a2a0    00000030     empty_pem4f.oem4f (.const:ti_sysbios_family_arm_m3_Hwi_Object__PARAMS__C)
                  0000a2d0    0000002a     uartConsole_shell.obj (.const:.string:ConsoleTypeAnyKeyStr)
                  0000a2fa    00000002     empty_pem4f.oem4f (.const:ti_sysbios_hal_Hwi_Module__id__C)
                  0000a2fc    00000028     drivers_tivaware.aem4f : UARTTiva.oem4f (.const:UARTTiva_fxnTable)
                  0000a324    00000028     empty_pem4f.oem4f (.const:ti_sysbios_heaps_HeapMem_Module__FXNS__C)
                  0000a34c    00000024     drivers_tivaware.aem4f : UART.oem4f (.const:UART_defaultParams)
                  0000a370    00000024     empty_pem4f.oem4f (.const:ti_sysbios_gates_GateHwi_Module__FXNS__C)
                  0000a394    00000024     empty_pem4f.oem4f (.const:ti_sysbios_gates_GateMutex_Module__FXNS__C)
                  0000a3b8    00000024     empty_pem4f.oem4f (.const:ti_sysbios_heaps_HeapMem_Object__PARAMS__C)
                  0000a3dc    00000024     empty_pem4f.oem4f (.const:ti_sysbios_knl_Clock_Object__PARAMS__C)
                  0000a400    00000024     empty_pem4f.oem4f (.const:ti_sysbios_knl_Semaphore_Object__PARAMS__C)
                  0000a424    00000020     empty_pem4f.oem4f (.const:ti_sysbios_family_arm_m3_Hwi_Object__DESC__C)
                  0000a444    00000020     empty_pem4f.oem4f (.const:ti_sysbios_gates_GateHwi_Object__DESC__C)
                  0000a464    00000020     empty_pem4f.oem4f (.const:ti_sysbios_gates_GateMutex_Object__DESC__C)
                  0000a484    00000020     empty_pem4f.oem4f (.const:ti_sysbios_heaps_HeapMem_Object__DESC__C)
                  0000a4a4    00000020     empty_pem4f.oem4f (.const:ti_sysbios_knl_Clock_Object__DESC__C)
                  0000a4c4    00000020     empty_pem4f.oem4f (.const:ti_sysbios_knl_Queue_Object__DESC__C)
                  0000a4e4    00000020     empty_pem4f.oem4f (.const:ti_sysbios_knl_Semaphore_Object__DESC__C)
                  0000a504    00000020     empty_pem4f.oem4f (.const:ti_sysbios_knl_Task_Object__DESC__C)
                  0000a524    00000020     empty_pem4f.oem4f (.const:xdc_runtime_Startup_sfxnTab__A)
                  0000a544    00000018     EK_TM4C1294XL.obj (.const:UART_config)
                  0000a55c    00000018     empty_pem4f.oem4f (.const:ti_sysbios_gates_GateHwi_Object__PARAMS__C)
                  0000a574    00000018     empty_pem4f.oem4f (.const:ti_sysbios_gates_GateMutex_Object__PARAMS__C)
                  0000a58c    00000018     empty_pem4f.oem4f (.const:ti_sysbios_knl_Queue_Object__PARAMS__C)
                  0000a5a4    00000018     EK_TM4C1294XL.obj (.const:uartTivaHWAttrs)
                  0000a5bc    00000014     EK_TM4C1294XL.obj (.const:GPIOTiva_config)
                  0000a5d0    00000014     empty_pem4f.oem4f (.const:xdc_runtime_Startup_firstFxns__A)
                  0000a5e4    00000010     empty_pem4f.oem4f (.const:xdc_runtime_Startup_sfxnRts__A)
                  0000a5f4    00000008     Boot.aem4f : Boot_sysctl.oem4f (.const)
                  0000a5fc    00000008     empty_pem4f.oem4f (.const:ti_sysbios_family_arm_m3_Hwi_excHookFuncs__A)
                  0000a604    00000008     empty_pem4f.oem4f (.const:ti_sysbios_knl_Idle_funcList__C)
                  0000a60c    00000008     empty_pem4f.oem4f (.const:xdc_runtime_Startup_firstFxns__C)
                  0000a614    00000008     empty_pem4f.oem4f (.const:xdc_runtime_Startup_lastFxns__C)
                  0000a61c    00000007     uartConsole_shell.obj (.const:.string:ConsoleOKstr)
                  0000a623    00000006     uartConsole_shell.obj (.const:.string:uartConsoleShell_PromptStr)
                  0000a629    00000001     --HOLE-- [fill = 0]
                  0000a62a    00000002     empty_pem4f.oem4f (.const:ti_sysbios_heaps_HeapMem_Module__id__C)
                  0000a62c    00000004     empty_pem4f.oem4f (.const:ti_catalog_arm_cortexm4_tiva_ce_Boot_A_mustNotUseEnhancedClockMode__C)
                  0000a630    00000004     empty_pem4f.oem4f (.const:ti_catalog_arm_cortexm4_tiva_ce_Boot_Module__diagsEnabled__C)
                  0000a634    00000004     empty_pem4f.oem4f (.const:ti_catalog_arm_cortexm4_tiva_ce_Boot_Module__diagsIncluded__C)
                  0000a638    00000004     empty_pem4f.oem4f (.const:ti_catalog_arm_cortexm4_tiva_ce_Boot_Module__diagsMask__C)
                  0000a63c    00000004     empty_pem4f.oem4f (.const:ti_sysbios_family_arm_lm4_Timer_enableFunc__C)
                  0000a640    00000004     empty_pem4f.oem4f (.const:ti_sysbios_family_arm_lm4_Timer_numTimerDevices__C)
                  0000a644    00000004     empty_pem4f.oem4f (.const:ti_sysbios_family_arm_lm4_Timer_startupNeeded__C)
                  0000a648    00000004     empty_pem4f.oem4f (.const:ti_sysbios_family_arm_m3_Hwi_E_NMI__C)
                  0000a64c    00000004     empty_pem4f.oem4f (.const:ti_sysbios_family_arm_m3_Hwi_E_alreadyDefined__C)
                  0000a650    00000004     empty_pem4f.oem4f (.const:ti_sysbios_family_arm_m3_Hwi_E_busFault__C)
                  0000a654    00000004     empty_pem4f.oem4f (.const:ti_sysbios_family_arm_m3_Hwi_E_debugMon__C)
                  0000a658    00000004     empty_pem4f.oem4f (.const:ti_sysbios_family_arm_m3_Hwi_E_hardFault__C)
                  0000a65c    00000004     empty_pem4f.oem4f (.const:ti_sysbios_family_arm_m3_Hwi_E_memFault__C)
                  0000a660    00000004     empty_pem4f.oem4f (.const:ti_sysbios_family_arm_m3_Hwi_E_noIsr__C)
                  0000a664    00000004     empty_pem4f.oem4f (.const:ti_sysbios_family_arm_m3_Hwi_E_reserved__C)
                  0000a668    00000004     empty_pem4f.oem4f (.const:ti_sysbios_family_arm_m3_Hwi_E_svCall__C)
                  0000a66c    00000004     empty_pem4f.oem4f (.const:ti_sysbios_family_arm_m3_Hwi_E_usageFault__C)
                  0000a670    00000004     empty_pem4f.oem4f (.const:ti_sysbios_family_arm_m3_Hwi_NUM_INTERRUPTS__C)
                  0000a674    00000004     empty_pem4f.oem4f (.const:ti_sysbios_family_arm_m3_Hwi_Object__count__C)
                  0000a678    00000004     empty_pem4f.oem4f (.const:ti_sysbios_family_arm_m3_Hwi_ccr__C)
                  0000a67c    00000004     empty_pem4f.oem4f (.const:ti_sysbios_family_arm_m3_Hwi_excHandlerFunc__C)
                  0000a680    00000004     empty_pem4f.oem4f (.const:ti_sysbios_family_arm_m3_Hwi_excHookFuncs__C)
                  0000a684    00000004     empty_pem4f.oem4f (.const:ti_sysbios_family_arm_m3_Hwi_nullIsrFunc__C)
                  0000a688    00000004     empty_pem4f.oem4f (.const:ti_sysbios_family_arm_m3_Hwi_priGroup__C)
                  0000a68c    00000004     empty_pem4f.oem4f (.const:ti_sysbios_family_arm_m3_TaskSupport_stackAlignment__C)
                  0000a690    00000004     empty_pem4f.oem4f (.const:ti_sysbios_gates_GateMutex_A_badContext__C)
                  0000a694    00000004     empty_pem4f.oem4f (.const:ti_sysbios_gates_GateMutex_Instance_State_sem__O)
                  0000a698    00000004     empty_pem4f.oem4f (.const:ti_sysbios_gates_GateMutex_Module__diagsEnabled__C)
                  0000a69c    00000004     empty_pem4f.oem4f (.const:ti_sysbios_gates_GateMutex_Module__diagsIncluded__C)
                  0000a6a0    00000004     empty_pem4f.oem4f (.const:ti_sysbios_gates_GateMutex_Module__diagsMask__C)
                  0000a6a4    00000004     empty_pem4f.oem4f (.const:ti_sysbios_hal_Hwi_E_stackOverflow__C)
                  0000a6a8    00000004     empty_pem4f.oem4f (.const:ti_sysbios_heaps_HeapMem_A_align__C)
                  0000a6ac    00000004     empty_pem4f.oem4f (.const:ti_sysbios_heaps_HeapMem_A_heapSize__C)
                  0000a6b0    00000004     empty_pem4f.oem4f (.const:ti_sysbios_heaps_HeapMem_A_invalidFree__C)
                  0000a6b4    00000004     empty_pem4f.oem4f (.const:ti_sysbios_heaps_HeapMem_A_zeroBlock__C)
                  0000a6b8    00000004     empty_pem4f.oem4f (.const:ti_sysbios_heaps_HeapMem_E_memory__C)
                  0000a6bc    00000004     empty_pem4f.oem4f (.const:ti_sysbios_heaps_HeapMem_Module__diagsEnabled__C)
                  0000a6c0    00000004     empty_pem4f.oem4f (.const:ti_sysbios_heaps_HeapMem_Module__diagsIncluded__C)
                  0000a6c4    00000004     empty_pem4f.oem4f (.const:ti_sysbios_heaps_HeapMem_Module__diagsMask__C)
                  0000a6c8    00000004     empty_pem4f.oem4f (.const:ti_sysbios_heaps_HeapMem_Module__gateObj__C)
                  0000a6cc    00000004     empty_pem4f.oem4f (.const:ti_sysbios_heaps_HeapMem_Object__count__C)
                  0000a6d0    00000004     empty_pem4f.oem4f (.const:ti_sysbios_heaps_HeapMem_reqAlign__C)
                  0000a6d4    00000004     empty_pem4f.oem4f (.const:ti_sysbios_knl_Clock_A_badThreadType__C)
                  0000a6d8    00000004     empty_pem4f.oem4f (.const:ti_sysbios_knl_Clock_Module_State_clockQ__O)
                  0000a6dc    00000004     empty_pem4f.oem4f (.const:ti_sysbios_knl_Clock_Module__diagsEnabled__C)
                  0000a6e0    00000004     empty_pem4f.oem4f (.const:ti_sysbios_knl_Clock_Module__diagsIncluded__C)
                  0000a6e4    00000004     empty_pem4f.oem4f (.const:ti_sysbios_knl_Clock_Module__diagsMask__C)
                  0000a6e8    00000004     empty_pem4f.oem4f (.const:ti_sysbios_knl_Clock_tickPeriod__C)
                  0000a6ec    00000004     empty_pem4f.oem4f (.const:ti_sysbios_knl_Idle_funcList__A)
                  0000a6f0    00000004     empty_pem4f.oem4f (.const:ti_sysbios_knl_Semaphore_A_badContext__C)
                  0000a6f4    00000004     empty_pem4f.oem4f (.const:ti_sysbios_knl_Semaphore_A_noEvents__C)
                  0000a6f8    00000004     empty_pem4f.oem4f (.const:ti_sysbios_knl_Semaphore_A_overflow__C)
                  0000a6fc    00000004     empty_pem4f.oem4f (.const:ti_sysbios_knl_Semaphore_A_pendTaskDisabled__C)
                  0000a700    00000004     empty_pem4f.oem4f (.const:ti_sysbios_knl_Semaphore_Instance_State_pendQ__O)
                  0000a704    00000004     empty_pem4f.oem4f (.const:ti_sysbios_knl_Semaphore_Module__diagsEnabled__C)
                  0000a708    00000004     empty_pem4f.oem4f (.const:ti_sysbios_knl_Semaphore_Module__diagsIncluded__C)
                  0000a70c    00000004     empty_pem4f.oem4f (.const:ti_sysbios_knl_Semaphore_Module__diagsMask__C)
                  0000a710    00000004     empty_pem4f.oem4f (.const:ti_sysbios_knl_Swi_Object__count__C)
                  0000a714    00000004     empty_pem4f.oem4f (.const:ti_sysbios_knl_Task_A_badPriority__C)
                  0000a718    00000004     empty_pem4f.oem4f (.const:ti_sysbios_knl_Task_A_badTaskState__C)
                  0000a71c    00000004     empty_pem4f.oem4f (.const:ti_sysbios_knl_Task_A_badThreadType__C)
                  0000a720    00000004     empty_pem4f.oem4f (.const:ti_sysbios_knl_Task_A_noPendElem__C)
                  0000a724    00000004     empty_pem4f.oem4f (.const:ti_sysbios_knl_Task_E_spOutOfBounds__C)
                  0000a728    00000004     empty_pem4f.oem4f (.const:ti_sysbios_knl_Task_E_stackOverflow__C)
                  0000a72c    00000004     empty_pem4f.oem4f (.const:ti_sysbios_knl_Task_Module_State_inactiveQ__O)
                  0000a730    00000004     empty_pem4f.oem4f (.const:ti_sysbios_knl_Task_Module__diagsEnabled__C)
                  0000a734    00000004     empty_pem4f.oem4f (.const:ti_sysbios_knl_Task_Module__diagsIncluded__C)
                  0000a738    00000004     empty_pem4f.oem4f (.const:ti_sysbios_knl_Task_Module__diagsMask__C)
                  0000a73c    00000004     empty_pem4f.oem4f (.const:ti_sysbios_knl_Task_Object__count__C)
                  0000a740    00000004     empty_pem4f.oem4f (.const:ti_sysbios_knl_Task_allBlockedFunc__C)
                  0000a744    00000004     empty_pem4f.oem4f (.const:ti_sysbios_knl_Task_defaultStackHeap__C)
                  0000a748    00000004     empty_pem4f.oem4f (.const:ti_sysbios_knl_Task_defaultStackSize__C)
                  0000a74c    00000004     empty_pem4f.oem4f (.const:ti_sysbios_knl_Task_numConstructedTasks__C)
                  0000a750    00000004     empty_pem4f.oem4f (.const:xdc_runtime_Assert_E_assertFailed__C)
                  0000a754    00000004     empty_pem4f.oem4f (.const:xdc_runtime_Core_A_initializedParams__C)
                  0000a758    00000004     empty_pem4f.oem4f (.const:xdc_runtime_Core_Module__diagsEnabled__C)
                  0000a75c    00000004     empty_pem4f.oem4f (.const:xdc_runtime_Core_Module__diagsIncluded__C)
                  0000a760    00000004     empty_pem4f.oem4f (.const:xdc_runtime_Core_Module__diagsMask__C)
                  0000a764    00000004     empty_pem4f.oem4f (.const:xdc_runtime_Error_E_memory__C)
                  0000a768    00000004     empty_pem4f.oem4f (.const:xdc_runtime_Error_Module__diagsEnabled__C)
                  0000a76c    00000004     empty_pem4f.oem4f (.const:xdc_runtime_Error_Module__diagsIncluded__C)
                  0000a770    00000004     empty_pem4f.oem4f (.const:xdc_runtime_Error_Module__diagsMask__C)
                  0000a774    00000004     empty_pem4f.oem4f (.const:xdc_runtime_Error_Module__loggerFxn8__C)
                  0000a778    00000004     empty_pem4f.oem4f (.const:xdc_runtime_Error_Module__loggerObj__C)
                  0000a77c    00000004     empty_pem4f.oem4f (.const:xdc_runtime_Error_policyFxn__C)
                  0000a780    00000004     empty_pem4f.oem4f (.const:xdc_runtime_Error_raiseHook__C)
                  0000a784    00000004     empty_pem4f.oem4f (.const:xdc_runtime_IGateProvider_Interface__BASE__C)
                  0000a788    00000004     empty_pem4f.oem4f (.const:xdc_runtime_IHeap_Interface__BASE__C)
                  0000a78c    00000004     empty_pem4f.oem4f (.const:xdc_runtime_IModule_Interface__BASE__C)
                  0000a790    00000004     empty_pem4f.oem4f (.const:xdc_runtime_Log_L_error__C)
                  0000a794    00000004     empty_pem4f.oem4f (.const:xdc_runtime_Memory_defaultHeapInstance__C)
                  0000a798    00000004     empty_pem4f.oem4f (.const:xdc_runtime_Startup_execImpl__C)
                  0000a79c    00000004     empty_pem4f.oem4f (.const:xdc_runtime_Startup_maxPasses__C)
                  0000a7a0    00000004     empty_pem4f.oem4f (.const:xdc_runtime_Startup_sfxnRts__C)
                  0000a7a4    00000004     empty_pem4f.oem4f (.const:xdc_runtime_Startup_sfxnTab__C)
                  0000a7a8    00000004     empty_pem4f.oem4f (.const:xdc_runtime_SysMin_bufSize__C)
                  0000a7ac    00000004     empty_pem4f.oem4f (.const:xdc_runtime_SysMin_outputFunc__C)
                  0000a7b0    00000004     empty_pem4f.oem4f (.const:xdc_runtime_System_Module__gateObj__C)
                  0000a7b4    00000004     empty_pem4f.oem4f (.const:xdc_runtime_System_abortFxn__C)
                  0000a7b8    00000004     empty_pem4f.oem4f (.const:xdc_runtime_System_exitFxn__C)
                  0000a7bc    00000004     empty_pem4f.oem4f (.const:xdc_runtime_System_extendFxn__C)
                  0000a7c0    00000004     empty_pem4f.oem4f (.const:xdc_runtime_System_maxAtexitHandlers__C)
                  0000a7c4    00000004     empty_pem4f.oem4f (.const:xdc_runtime_Text_charTab__C)
                  0000a7c8    00000004     empty_pem4f.oem4f (.const:xdc_runtime_Text_nameEmpty__C)
                  0000a7cc    00000004     empty_pem4f.oem4f (.const:xdc_runtime_Text_nameStatic__C)
                  0000a7d0    00000004     empty_pem4f.oem4f (.const:xdc_runtime_Text_nameUnknown__C)
                  0000a7d4    00000004     empty_pem4f.oem4f (.const:xdc_runtime_Text_nodeTab__C)
                  0000a7d8    00000004     empty_pem4f.oem4f (.const:xdc_runtime_Text_visitRopeFxn__C)
                  0000a7dc    00000002     empty_pem4f.oem4f (.const:ti_sysbios_knl_Clock_Module__id__C)
                  0000a7de    00000002     empty_pem4f.oem4f (.const:ti_sysbios_knl_Semaphore_Module__id__C)
                  0000a7e0    00000002     empty_pem4f.oem4f (.const:ti_sysbios_knl_Task_Module__id__C)
                  0000a7e2    00000002     empty_pem4f.oem4f (.const:xdc_runtime_Core_Module__id__C)
                  0000a7e4    00000002     empty_pem4f.oem4f (.const:xdc_runtime_Error_Module__loggerDefined__C)
                  0000a7e6    00000002     empty_pem4f.oem4f (.const:xdc_runtime_Error_maxDepth__C)
                  0000a7e8    00000002     empty_pem4f.oem4f (.const:xdc_runtime_Memory_Module__id__C)
                  0000a7ea    00000002     empty_pem4f.oem4f (.const:xdc_runtime_SysMin_flushAtExit__C)
                  0000a7ec    00000002     empty_pem4f.oem4f (.const:xdc_runtime_Text_charCnt__C)
                  0000a7ee    00000002     empty_pem4f.oem4f (.const:xdc_runtime_Text_isLoaded__C)
                  0000a7f0    00000002     empty_pem4f.oem4f (.const:xdc_runtime_Text_registryModsLastId__C)
                  0000a7f2    00000002     empty_pem4f.oem4f (.const:xdc_runtime_Text_unnamedModsLastId__C)

.cinit     0    0000a7f8    00000210     
                  0000a7f8    000001db     (.cinit..data.load) [load image, compression = lzss]
                  0000a9d3    00000001     --HOLE-- [fill = 0]
                  0000a9d4    0000000c     (__TI_handler_table)
                  0000a9e0    00000008     (.cinit..bss.load) [load image, compression = zero_init]
                  0000a9e8    00000008     (.cinit..vecs.load) [load image, compression = zero_init]
                  0000a9f0    00000018     (__TI_cinit_table)

.init_array 
*          0    00000000    00000000     UNINITIALIZED

.resetVecs 
*          0    00000000    0000003c     
                  00000000    0000003c     empty_pem4f.oem4f (.resetVecs)

.bss       0    20000360    00001354     UNINITIALIZED
                  20000360    00000600     (.common:uartConsoleTaskStack)
                  20000960    00000400     (.common:ti_sysbios_heaps_HeapMem_Instance_State_0_buf__A)
                  20000d60    00000360     (.common:ti_sysbios_family_arm_m3_Hwi_dispatchTable)
                  200010c0    00000200     empty_pem4f.oem4f (.bss:taskStackSection)
                  200012c0    00000120     rtsv7M4_T_le_v4SPD16_eabi.lib : trgmsg.obj (.bss:_CIOBUF_)
                  200013e0    000000cc     (.common:uartTivaObjects)
                  200014ac    00000090     drivers_tivaware.aem4f : GPIOTiva.oem4f (.bss:gpioCallbackInfo)
                  2000153c    00000080     (.common:xdc_runtime_SysMin_Module_State_0_outbuf__A)
                  200015bc    00000050     (.common:uartConsoleTask)
                  2000160c    00000040     uartConsole.obj (.bss:cmdBuffer$4)
                  2000164c    00000020     (.common:uartTivaRingBuffer)
                  2000166c    00000010     (.common:rxBuf)
                  2000167c    00000010     (.common:txBuf)
                  2000168c    0000000c     uartConsole.obj (.bss)
                  20001698    00000008     (.common:parmbuf)
                  200016a0    00000004     (.common:consoleSGRPacketRxSem)
                  200016a4    00000004     (.common:consoleUartHandle)
                  200016a8    00000004     (.common:gpioInterruptVectors)
                  200016ac    00000004     (.common:uartHandle)
                  200016b0    00000004     (.common:wantedRxBytes)

.data      0    200016b4    00000434     UNINITIALIZED
                  200016b4    00000080     empty_pem4f.oem4f (.data:ti_sysbios_knl_Swi_Module_State_0_readyQ__A)
                  20001734    00000080     empty_pem4f.oem4f (.data:ti_sysbios_knl_Task_Module_State_0_readyQ__A)
                  200017b4    0000004c     empty_pem4f.oem4f (.data:ti_sysbios_knl_Task_Object__table__V)
                  20001800    00000044     empty_pem4f.oem4f (.data:ti_sysbios_knl_Task_Module__state__V)
                  20001844    00000040     empty_pem4f.oem4f (.data:ti_sysbios_family_arm_lm4_Timer_Module_State_0_device__A)
                  20001884    00000040     empty_pem4f.oem4f (.data:ti_sysbios_family_arm_lm4_Timer_Object__table__V)
                  200018c4    00000038     empty_pem4f.oem4f (.data:ti_sysbios_gates_GateMutex_Object__table__V)
                  200018fc    00000034     empty_pem4f.oem4f (.data:ti_sysbios_family_arm_m3_Hwi_Module__state__V)
                  20001930    00000030     empty_pem4f.oem4f (.data:ti_sysbios_knl_Swi_Object__table__V)
                  20001960    0000002c     empty_pem4f.oem4f (.data:ti_sysbios_knl_Clock_Module__state__V)
                  2000198c    00000024     empty_pem4f.oem4f (.data:ti_sysbios_BIOS_Module__state__V)
                  200019b0    00000020     empty_pem4f.oem4f (.data:ti_sysbios_family_arm_lm4_Timer_Module_State_0_handles__A)
                  200019d0    0000001c     empty_pem4f.oem4f (.data:ti_sysbios_knl_Swi_Module__state__V)
                  200019ec    00000018     empty_pem4f.oem4f (.data:ti_sysbios_family_arm_m3_Hwi_Object__table__V)
                  20001a04    00000018     empty_pem4f.oem4f (.data:ti_sysbios_heaps_HeapMem_Object__table__V)
                  20001a1c    00000010     EK_TM4C1294XL.obj (.data:gpioPinConfigs)
                  20001a2c    0000000c     empty_pem4f.oem4f (.data:ti_sysbios_family_arm_lm4_Timer_Module__state__V)
                  20001a38    0000000c     empty_pem4f.oem4f (.data:xdc_runtime_SysMin_Module__state__V)
                  20001a44    0000000a     uartConsole.obj (.data)
                  20001a4e    00000002     empty_pem4f.oem4f (.data:ti_sysbios_family_arm_m3_Hwi_Module_State_0_excActive__A)
                  20001a50    00000008     rtsv7M4_T_le_v4SPD16_eabi.lib : _lock.obj (.data:$O1$$)
                  20001a58    00000008     EK_TM4C1294XL.obj (.data:gpioCallbackFunctions)
                  20001a60    00000008     empty_pem4f.oem4f (.data:ti_sysbios_family_arm_m3_Hwi_Module__root__V)
                  20001a68    00000008     empty_pem4f.oem4f (.data:ti_sysbios_gates_GateHwi_Module__root__V)
                  20001a70    00000008     empty_pem4f.oem4f (.data:ti_sysbios_gates_GateMutex_Module__root__V)
                  20001a78    00000008     empty_pem4f.oem4f (.data:ti_sysbios_heaps_HeapMem_Module__root__V)
                  20001a80    00000008     empty_pem4f.oem4f (.data:ti_sysbios_knl_Clock_Module__root__V)
                  20001a88    00000008     empty_pem4f.oem4f (.data:ti_sysbios_knl_Queue_Module__root__V)
                  20001a90    00000008     empty_pem4f.oem4f (.data:ti_sysbios_knl_Semaphore_Module__root__V)
                  20001a98    00000008     empty_pem4f.oem4f (.data:ti_sysbios_knl_Task_Module__root__V)
                  20001aa0    00000008     empty_pem4f.oem4f (.data:xdc_runtime_Registry_Module__state__V)
                  20001aa8    00000008     empty_pem4f.oem4f (.data:xdc_runtime_Startup_Module__state__V)
                  20001ab0    00000008     empty_pem4f.oem4f (.data:xdc_runtime_System_Module_State_0_atexitHandlers__A)
                  20001ab8    00000008     empty_pem4f.oem4f (.data:xdc_runtime_System_Module__state__V)
                  20001ac0    00000005     drivers_tivaware.aem4f : GPIOTiva.oem4f (.data)
                  20001ac5    00000001     uartConsole_shell.obj (.data)
                  20001ac6    00000002     empty_pem4f.oem4f (.data:xdc_runtime_Error_Module__state__V)
                  20001ac8    00000004     drivers_tivaware.aem4f : UART.oem4f (.data)
                  20001acc    00000004     rtsv7M4_T_le_v4SPD16_eabi.lib : errno.obj (.data)
                  20001ad0    00000004                                   : stkdepth_vars.obj (.data)
                  20001ad4    00000004     empty_pem4f.oem4f (.data:ti_sysbios_family_arm_m3_Hwi_Module_State_0_excContext__A)
                  20001ad8    00000004     empty_pem4f.oem4f (.data:ti_sysbios_family_arm_m3_Hwi_Module_State_0_excStack__A)
                  20001adc    00000004     empty_pem4f.oem4f (.data:ti_sysbios_gates_GateHwi_Object__table__V)
                  20001ae0    00000004     empty_pem4f.oem4f (.data:ti_sysbios_knl_Task_Module_State_0_idleTask__A)
                  20001ae4    00000004     empty_pem4f.oem4f (.data:xdc_runtime_Memory_Module__state__V)

.stack     0    20001ae8    00000300     UNINITIALIZED
                  20001ae8    00000300     --HOLE--

.bootVecs 
*          0    00000000    00000008     DSECT
                  00000000    00000008     boot.aem4f : boot.oem4f (.bootVecs)

.vecs      0    20000000    00000360     UNINITIALIZED
                  20000000    00000360     empty_pem4f.oem4f (.vecs)

xdc.meta   0    00000000    000000d5     COPY SECTION
                  00000000    000000d5     empty_pem4f.oem4f (xdc.meta)

MODULE SUMMARY

       Module                     code    ro data   rw data
       ------                     ----    -------   -------
    .\
       uartConsole.obj            784     145       1742   
       uartConsole_shell.obj      479     346       5      
       EK_TM4C1294XL.obj          236     68        260    
       empty.obj                  96      0         4      
    +--+--------------------------+-------+---------+---------+
       Total:                     1595    559       2011   
                                                           
    C:\workspace_v6_1_6\araneus3\Debug\configPkg\package\cfg\
       empty_pem4f.oem4f          1942    7784      4408   
    +--+--------------------------+-------+---------+---------+
       Total:                     1942    7784      4408   
                                                           
    C:/ti/tirtos_tivac_2_16_01_14/products/TivaWare_C_Series-2.1.1.71b/driverlib/ccs/Debug/driverlib.lib
       gpio.obj                   548     144       0      
       uart.obj                   226     0         0      
       sysctl.obj                 52      0         0      
    +--+--------------------------+-------+---------+---------+
       Total:                     826     144       0      
                                                           
    C:/ti/tirtos_tivac_2_16_01_14/products/tidrivers_tivac_2_16_01_13/packages/ti/drivers/lib/drivers_tivaware.aem4f
       UARTTiva.oem4f             2262    116       0      
       GPIOTiva.oem4f             684     156       153    
       UART.oem4f                 158     36        4      
       RingBuf.oem4f              164     0         0      
    +--+--------------------------+-------+---------+---------+
       Total:                     3268    308       157    
                                                           
    C:\ti\ccsv6\tools\compiler\ti-cgt-arm_17.9.0.STS\lib\rtsv7M4_T_le_v4SPD16_eabi.lib
       _printfi.obj               4574    0         0      
       ull_div_t2.obj             500     0         0      
       fd_add_t2.obj              438     0         0      
       trgmsg.obj                 104     0         288    
       fd_div_t2.obj              310     0         0      
       fd_cmp_t2.obj              268     0         0      
       ctype.obj                  0       257       0      
       fd_mul_t2.obj              252     0         0      
       s_scalbn.obj               244     0         0      
       memcpy_t2.obj              156     0         0      
       memset_t2.obj              122     0         0      
       copy_decompress_lzss.obj   104     0         0      
       s_frexp.obj                100     0         0      
       sprintf.obj                96      0         0      
       hostwrite.obj              88      0         0      
       ltoa.obj                   84      0         0      
       atoi.obj                   76      0         0      
       cpy_tbl.obj                76      0         0      
       fd_toi_t2.obj              72      0         0      
       u_divt2.obj                64      0         0      
       strncpy.obj                54      0         0      
       i_tofd_t2.obj              46      0         0      
       strncmp.obj                44      0         0      
       _lock.obj                  20      0         8      
       memccpy.obj                28      0         0      
       args_main.obj              24      0         0      
       strchr.obj                 22      0         0      
       s_copysign.obj             20      0         0      
       strlen.obj                 20      0         0      
       copy_decompress_none.obj   14      0         0      
       copy_zero_init.obj         12      0         0      
       hostopen.obj               0       0         8      
       errno.obj                  0       0         4      
       exit.obj                   4       0         0      
       stkdepth_vars.obj          0       0         4      
       i_div0.obj                 2       0         0      
    +--+--------------------------+-------+---------+---------+
       Total:                     8038    257       312    
                                                           
    C:\ti\tirtos_tivac_2_16_01_14\products\bios_6_45_02_31\packages\ti\catalog\arm\cortexm4\tiva\ce\lib\Boot.aem4f
       Boot_sysctl.oem4f          628     452       0      
       Boot.oem4f                 152     0         0      
    +--+--------------------------+-------+---------+---------+
       Total:                     780     452       0      
                                                           
    C:\ti\tirtos_tivac_2_16_01_14\products\bios_6_45_02_31\packages\ti\targets\arm\rtsarm\lib\auto_init.aem4f
       auto_init.oem4f            160     0         0      
    +--+--------------------------+-------+---------+---------+
       Total:                     160     0         0      
                                                           
    C:\ti\tirtos_tivac_2_16_01_14\products\bios_6_45_02_31\packages\ti\targets\arm\rtsarm\lib\boot.aem4f
       boot.oem4f                 88      0         0      
    +--+--------------------------+-------+---------+---------+
       Total:                     88      0         0      
                                                           
    C:\ti\tirtos_tivac_2_16_01_14\products\bios_6_45_02_31\packages\ti\targets\arm\rtsarm\lib\ti.targets.arm.rtsarm.aem4f
       System.oem4f               1255    0         0      
       Text.oem4f                 672     0         0      
       Error.oem4f                524     0         0      
       Core-mem.oem4f             358     0         0      
       Startup.oem4f              328     0         0      
       SysMin.oem4f               248     0         0      
       Core-smem.oem4f            204     0         0      
       Memory.oem4f               176     0         0      
       Assert.oem4f               84      0         0      
       Core-params.oem4f          70      0         0      
       Core-label.oem4f           52      0         0      
       Registry.oem4f             32      0         0      
       Gate.oem4f                 28      0         0      
    +--+--------------------------+-------+---------+---------+
       Total:                     4031    0         0      
                                                           
    C:\workspace_v6_1_6\araneus3\src\sysbios\sysbios.aem4f
       BIOS.obj                   11992   0         0      
       m3_Hwi_asm.obj             314     0         0      
       m3_TaskSupport_asm.obj     180     0         0      
       m3_Hwi_asm_switch.obj      118     0         0      
    +--+--------------------------+-------+---------+---------+
       Total:                     12604   0         0      
                                                           
       Stack:                     0       0         768    
       Linker Generated:          0       527       0      
    +--+--------------------------+-------+---------+---------+
       Grand Total:               33332   10031     7656   


LINKER GENERATED COPY TABLES

__TI_cinit_table @ 0000a9f0 records: 3, size/record: 8, table size: 24
	.data: load addr=0000a7f8, load size=000001db bytes, run addr=200016b4, run size=00000434 bytes, compression=lzss
	.bss: load addr=0000a9e0, load size=00000008 bytes, run addr=20000360, run size=00001354 bytes, compression=zero_init
	.vecs: load addr=0000a9e8, load size=00000008 bytes, run addr=20000000, run size=00000360 bytes, compression=zero_init


LINKER GENERATED HANDLER TABLE

__TI_handler_table @ 0000a9d4 records: 3, size/record: 4, table size: 12
	index: 0, handler: __TI_decompress_lzss
	index: 1, handler: __TI_decompress_none
	index: 2, handler: __TI_zero_init


GLOBAL SYMBOLS: SORTED ALPHABETICALLY BY Name 

address   name                                                                 
-------   ----                                                                 
00001ed5  C$$EXIT                                                              
00005c17  C$$IO$$                                                              
0000a61c  ConsoleOKstr                                                         
0000a2d0  ConsoleTypeAnyKeyStr                                                 
00008263  EK_TM4C1294XL_initGPIO                                               
0000466d  EK_TM4C1294XL_initGeneral                                            
00007609  EK_TM4C1294XL_initUART                                               
00007711  GPIODirModeSet                                                       
000036cb  GPIOIntClear                                                         
000080b1  GPIOIntStatus                                                        
000063c9  GPIOIntTypeSet                                                       
00003805  GPIOPadConfigSet                                                     
[...]
00008301  ti_sysbios_gates_GateHwi_Instance_init__E                            
00008309  ti_sysbios_knl_Clock_logTick__E                                      
0000830c  xdc_runtime_Text_charTab__A                                          
00009b6d  xdc_runtime_Error_policy__C                                          
00009b6e  ti_catalog_arm_cortexm4_tiva_ce_Boot_Module__id__C                   
00009c90  _ctypes_                                                             
00009d92  xdc_runtime_Text_nodeTab__A                                          
00009e4e  sgrRandDRxTx_uartConsole_GreetingStr                                 
00009f70  wittraBS_uartConsoleShell_GreetingStr                                
0000a17c  uartConsoleShell_TooLongInputStr                                     
0000a1be  ti_sysbios_family_arm_m3_Hwi_Module__id__C                           
0000a202  ti_sysbios_gates_GateMutex_Module__id__C                             
0000a204  ti_sysbios_knl_Task_Object__PARAMS__C                                
0000a2a0  ti_sysbios_family_arm_m3_Hwi_Object__PARAMS__C                       
0000a2d0  ConsoleTypeAnyKeyStr                                                 
0000a2fa  ti_sysbios_hal_Hwi_Module__id__C                                     
0000a2fc  UARTTiva_fxnTable                                                    
0000a324  ti_sysbios_heaps_HeapMem_Module__FXNS__C                             
0000a34c  UART_defaultParams                                                   
0000a370  ti_sysbios_gates_GateHwi_Module__FXNS__C                             
0000a394  ti_sysbios_gates_GateMutex_Module__FXNS__C                           
0000a3b8  ti_sysbios_heaps_HeapMem_Object__PARAMS__C                           
0000a3dc  ti_sysbios_knl_Clock_Object__PARAMS__C                               
0000a400  ti_sysbios_knl_Semaphore_Object__PARAMS__C                           
0000a424  ti_sysbios_family_arm_m3_Hwi_Object__DESC__C                         
0000a444  ti_sysbios_gates_GateHwi_Object__DESC__C                             
0000a464  ti_sysbios_gates_GateMutex_Object__DESC__C                           
0000a484  ti_sysbios_heaps_HeapMem_Object__DESC__C                             
0000a4a4  ti_sysbios_knl_Clock_Object__DESC__C                                 
0000a4c4  ti_sysbios_knl_Queue_Object__DESC__C                                 
0000a4e4  ti_sysbios_knl_Semaphore_Object__DESC__C                             
0000a504  ti_sysbios_knl_Task_Object__DESC__C                                  
0000a524  xdc_runtime_Startup_sfxnTab__A                                       
0000a544  UART_config                                                          
0000a55c  ti_sysbios_gates_GateHwi_Object__PARAMS__C                           
0000a574  ti_sysbios_gates_GateMutex_Object__PARAMS__C                         
0000a58c  ti_sysbios_knl_Queue_Object__PARAMS__C                               
0000a5a4  uartTivaHWAttrs                                                      
0000a5bc  GPIOTiva_config                                                      
0000a5d0  xdc_runtime_Startup_firstFxns__A                                     
0000a5e4  xdc_runtime_Startup_sfxnRts__A                                       
0000a5fc  ti_sysbios_family_arm_m3_Hwi_excHookFuncs__A                         
0000a604  ti_sysbios_knl_Idle_funcList__C                                      
0000a60c  xdc_runtime_Startup_firstFxns__C                                     
0000a614  xdc_runtime_Startup_lastFxns__C                                      
0000a61c  ConsoleOKstr                                                         
0000a623  uartConsoleShell_PromptStr                                           
0000a62a  ti_sysbios_heaps_HeapMem_Module__id__C                               
0000a62c  ti_catalog_arm_cortexm4_tiva_ce_Boot_A_mustNotUseEnhancedClockMode__C
0000a630  ti_catalog_arm_cortexm4_tiva_ce_Boot_Module__diagsEnabled__C         
0000a634  ti_catalog_arm_cortexm4_tiva_ce_Boot_Module__diagsIncluded__C        
0000a638  ti_catalog_arm_cortexm4_tiva_ce_Boot_Module__diagsMask__C            
0000a63c  ti_sysbios_family_arm_lm4_Timer_enableFunc__C                        
0000a640  ti_sysbios_family_arm_lm4_Timer_numTimerDevices__C                   
0000a644  ti_sysbios_family_arm_lm4_Timer_startupNeeded__C                     
0000a648  ti_sysbios_family_arm_m3_Hwi_E_NMI__C                                
0000a64c  ti_sysbios_family_arm_m3_Hwi_E_alreadyDefined__C                     
0000a650  ti_sysbios_family_arm_m3_Hwi_E_busFault__C                           
0000a654  ti_sysbios_family_arm_m3_Hwi_E_debugMon__C                           
0000a658  ti_sysbios_family_arm_m3_Hwi_E_hardFault__C                          
0000a65c  ti_sysbios_family_arm_m3_Hwi_E_memFault__C                           
0000a660  ti_sysbios_family_arm_m3_Hwi_E_noIsr__C                              
0000a664  ti_sysbios_family_arm_m3_Hwi_E_reserved__C                           
0000a668  ti_sysbios_family_arm_m3_Hwi_E_svCall__C                             
0000a66c  ti_sysbios_family_arm_m3_Hwi_E_usageFault__C                         
0000a670  ti_sysbios_family_arm_m3_Hwi_NUM_INTERRUPTS__C                       
0000a674  ti_sysbios_family_arm_m3_Hwi_Object__count__C                        
0000a678  ti_sysbios_family_arm_m3_Hwi_ccr__C                                  
0000a67c  ti_sysbios_family_arm_m3_Hwi_excHandlerFunc__C                       
0000a680  ti_sysbios_family_arm_m3_Hwi_excHookFuncs__C                         
0000a684  ti_sysbios_family_arm_m3_Hwi_nullIsrFunc__C                          
0000a688  ti_sysbios_family_arm_m3_Hwi_priGroup__C                             
0000a68c  ti_sysbios_family_arm_m3_TaskSupport_stackAlignment__C               
0000a690  ti_sysbios_gates_GateMutex_A_badContext__C                           
0000a694  ti_sysbios_gates_GateMutex_Instance_State_sem__O                     
0000a698  ti_sysbios_gates_GateMutex_Module__diagsEnabled__C                   
0000a69c  ti_sysbios_gates_GateMutex_Module__diagsIncluded__C                  
0000a6a0  ti_sysbios_gates_GateMutex_Module__diagsMask__C                      
0000a6a4  ti_sysbios_hal_Hwi_E_stackOverflow__C                                
0000a6a8  ti_sysbios_heaps_HeapMem_A_align__C                                  
0000a6ac  ti_sysbios_heaps_HeapMem_A_heapSize__C                               
0000a6b0  ti_sysbios_heaps_HeapMem_A_invalidFree__C                            
0000a6b4  ti_sysbios_heaps_HeapMem_A_zeroBlock__C                              
0000a6b8  ti_sysbios_heaps_HeapMem_E_memory__C                                 
0000a6bc  ti_sysbios_heaps_HeapMem_Module__diagsEnabled__C                     
0000a6c0  ti_sysbios_heaps_HeapMem_Module__diagsIncluded__C                    
0000a6c4  ti_sysbios_heaps_HeapMem_Module__diagsMask__C                        
0000a6c8  ti_sysbios_heaps_HeapMem_Module__gateObj__C                          
0000a6cc  ti_sysbios_heaps_HeapMem_Object__count__C                            
0000a6d0  ti_sysbios_heaps_HeapMem_reqAlign__C                                 
0000a6d4  ti_sysbios_knl_Clock_A_badThreadType__C                              
0000a6d8  ti_sysbios_knl_Clock_Module_State_clockQ__O                          
0000a6dc  ti_sysbios_knl_Clock_Module__diagsEnabled__C                         
0000a6e0  ti_sysbios_knl_Clock_Module__diagsIncluded__C                        
0000a6e4  ti_sysbios_knl_Clock_Module__diagsMask__C                            
0000a6e8  ti_sysbios_knl_Clock_tickPeriod__C                                   
0000a6ec  ti_sysbios_knl_Idle_funcList__A                                      
0000a6f0  ti_sysbios_knl_Semaphore_A_badContext__C                             
0000a6f4  ti_sysbios_knl_Semaphore_A_noEvents__C                               
0000a6f8  ti_sysbios_knl_Semaphore_A_overflow__C                               
0000a6fc  ti_sysbios_knl_Semaphore_A_pendTaskDisabled__C                       
0000a700  ti_sysbios_knl_Semaphore_Instance_State_pendQ__O                     
0000a704  ti_sysbios_knl_Semaphore_Module__diagsEnabled__C                     
0000a708  ti_sysbios_knl_Semaphore_Module__diagsIncluded__C                    
0000a70c  ti_sysbios_knl_Semaphore_Module__diagsMask__C                        
0000a710  ti_sysbios_knl_Swi_Object__count__C                                  
0000a714  ti_sysbios_knl_Task_A_badPriority__C                                 
0000a718  ti_sysbios_knl_Task_A_badTaskState__C                                
0000a71c  ti_sysbios_knl_Task_A_badThreadType__C                               
0000a720  ti_sysbios_knl_Task_A_noPendElem__C                                  
0000a724  ti_sysbios_knl_Task_E_spOutOfBounds__C                               
0000a728  ti_sysbios_knl_Task_E_stackOverflow__C                               
0000a72c  ti_sysbios_knl_Task_Module_State_inactiveQ__O                        
0000a730  ti_sysbios_knl_Task_Module__diagsEnabled__C                          
0000a734  ti_sysbios_knl_Task_Module__diagsIncluded__C                         
0000a738  ti_sysbios_knl_Task_Module__diagsMask__C                             
0000a73c  ti_sysbios_knl_Task_Object__count__C                                 
0000a740  ti_sysbios_knl_Task_allBlockedFunc__C                                
0000a744  ti_sysbios_knl_Task_defaultStackHeap__C                              
0000a748  ti_sysbios_knl_Task_defaultStackSize__C                              
0000a74c  ti_sysbios_knl_Task_numConstructedTasks__C                           
0000a750  xdc_runtime_Assert_E_assertFailed__C                                 
0000a754  xdc_runtime_Core_A_initializedParams__C                              
0000a758  xdc_runtime_Core_Module__diagsEnabled__C                             
0000a75c  xdc_runtime_Core_Module__diagsIncluded__C                            
0000a760  xdc_runtime_Core_Module__diagsMask__C                                
0000a764  xdc_runtime_Error_E_memory__C                                        
0000a768  xdc_runtime_Error_Module__diagsEnabled__C                            
0000a76c  xdc_runtime_Error_Module__diagsIncluded__C                           
0000a770  xdc_runtime_Error_Module__diagsMask__C                               
0000a774  xdc_runtime_Error_Module__loggerFxn8__C                              
0000a778  xdc_runtime_Error_Module__loggerObj__C                               
0000a77c  xdc_runtime_Error_policyFxn__C                                       
0000a780  xdc_runtime_Error_raiseHook__C                                       
0000a784  xdc_runtime_IGateProvider_Interface__BASE__C                         
0000a788  xdc_runtime_IHeap_Interface__BASE__C                                 
0000a78c  xdc_runtime_IModule_Interface__BASE__C                               
0000a790  xdc_runtime_Log_L_error__C                                           
0000a794  xdc_runtime_Memory_defaultHeapInstance__C                            
0000a798  xdc_runtime_Startup_execImpl__C                                      
0000a79c  xdc_runtime_Startup_maxPasses__C                                     
0000a7a0  xdc_runtime_Startup_sfxnRts__C                                       
0000a7a4  xdc_runtime_Startup_sfxnTab__C                                       
0000a7a8  xdc_runtime_SysMin_bufSize__C                                        
0000a7ac  xdc_runtime_SysMin_outputFunc__C                                     
0000a7b0  xdc_runtime_System_Module__gateObj__C                                
0000a7b4  xdc_runtime_System_abortFxn__C                                       
0000a7b8  xdc_runtime_System_exitFxn__C                                        
0000a7bc  xdc_runtime_System_extendFxn__C                                      
0000a7c0  xdc_runtime_System_maxAtexitHandlers__C                              
0000a7c4  xdc_runtime_Text_charTab__C                                          
0000a7c8  xdc_runtime_Text_nameEmpty__C                                        
0000a7cc  xdc_runtime_Text_nameStatic__C                                       
0000a7d0  xdc_runtime_Text_nameUnknown__C                                      
0000a7d4  xdc_runtime_Text_nodeTab__C                                          
0000a7d8  xdc_runtime_Text_visitRopeFxn__C                                     
0000a7dc  ti_sysbios_knl_Clock_Module__id__C                                   
0000a7de  ti_sysbios_knl_Semaphore_Module__id__C                               
0000a7e0  ti_sysbios_knl_Task_Module__id__C                                    
0000a7e2  xdc_runtime_Core_Module__id__C                                       
0000a7e4  xdc_runtime_Error_Module__loggerDefined__C                           
0000a7e6  xdc_runtime_Error_maxDepth__C                                        
0000a7e8  xdc_runtime_Memory_Module__id__C                                     
0000a7ea  xdc_runtime_SysMin_flushAtExit__C                                    
0000a7ec  xdc_runtime_Text_charCnt__C                                          
0000a7ee  xdc_runtime_Text_isLoaded__C                                         
0000a7f0  xdc_runtime_Text_registryModsLastId__C                               
0000a7f2  xdc_runtime_Text_unnamedModsLastId__C                                
0000a7f8  __TI_static_base__                                                   
0000a9d4  __TI_Handler_Table_Base                                              
0000a9e0  __TI_Handler_Table_Limit                                             
0000a9f0  __TI_CINIT_Base                                                      
0000aa08  __TI_CINIT_Limit                                                     
20000000  ti_sysbios_family_arm_m3_Hwi_ramVectors                              
20000360  uartConsoleTaskStack                                                 
20000960  ti_sysbios_heaps_HeapMem_Instance_State_0_buf__A                     
20000d60  ti_sysbios_family_arm_m3_Hwi_dispatchTable                           
200010c0  ti_sysbios_knl_Task_Instance_State_0_stack__A                        
200012c0  __CIOBUF_                                                            
200013e0  uartTivaObjects                                                      
2000153c  xdc_runtime_SysMin_Module_State_0_outbuf__A                          
200015bc  uartConsoleTask                                                      
2000164c  uartTivaRingBuffer                                                   
2000166c  rxBuf                                                                
2000167c  txBuf                                                                
20001698  parmbuf                                                              
200016a0  consoleSGRPacketRxSem                                                
200016a4  consoleUartHandle                                                    
200016ac  uartHandle                                                           
200016b0  wantedRxBytes                                                        
200016b4  ti_sysbios_knl_Swi_Module_State_0_readyQ__A                          
20001734  ti_sysbios_knl_Task_Module_State_0_readyQ__A                         
200017b4  ti_sysbios_knl_Task_Object__table__V                                 
20001800  ti_sysbios_knl_Task_Module__state__V                                 
20001844  ti_sysbios_family_arm_lm4_Timer_Module_State_0_device__A             
20001884  ti_sysbios_family_arm_lm4_Timer_Object__table__V                     
200018c4  ti_sysbios_gates_GateMutex_Object__table__V                          
200018fc  ti_sysbios_family_arm_m3_Hwi_Module__state__V                        
20001930  ti_sysbios_knl_Swi_Object__table__V                                  
20001960  ti_sysbios_knl_Clock_Module__state__V                                
2000198c  ti_sysbios_BIOS_Module__state__V                                     
200019b0  ti_sysbios_family_arm_lm4_Timer_Module_State_0_handles__A            
200019d0  ti_sysbios_knl_Swi_Module__state__V                                  
200019ec  ti_sysbios_family_arm_m3_Hwi_Object__table__V                        
20001a04  ti_sysbios_heaps_HeapMem_Object__table__V                            
20001a1c  gpioPinConfigs                                                       
20001a2c  ti_sysbios_family_arm_lm4_Timer_Module__state__V                     
20001a38  xdc_runtime_SysMin_Module__state__V                                  
20001a44  enteredRxBytes                                                       
20001a4c  consoleState                                                         
20001a4e  ti_sysbios_family_arm_m3_Hwi_Module_State_0_excActive__A             
20001a50  _lock                                                                
20001a54  _unlock                                                              
20001a58  gpioCallbackFunctions                                                
20001a60  ti_sysbios_family_arm_m3_Hwi_Module__root__V                         
20001a68  ti_sysbios_gates_GateHwi_Module__root__V                             
20001a70  ti_sysbios_gates_GateMutex_Module__root__V                           
20001a78  ti_sysbios_heaps_HeapMem_Module__root__V                             
20001a80  ti_sysbios_knl_Clock_Module__root__V                                 
20001a88  ti_sysbios_knl_Queue_Module__root__V                                 
20001a90  ti_sysbios_knl_Semaphore_Module__root__V                             
20001a98  ti_sysbios_knl_Task_Module__root__V                                  
20001aa0  xdc_runtime_Registry_Module__state__V                                
20001aa8  xdc_runtime_Startup_Module__state__V                                 
20001ab0  xdc_runtime_System_Module_State_0_atexitHandlers__A                  
20001ab8  xdc_runtime_System_Module__state__V                                  
20001ac5  inputStatus                                                          
20001ac6  xdc_runtime_Error_Module__state__V                                   
20001acc  errno                                                                
20001ad0  main_func_sp                                                         
20001ad4  ti_sysbios_family_arm_m3_Hwi_Module_State_0_excContext__A            
20001ad8  ti_sysbios_family_arm_m3_Hwi_Module_State_0_excStack__A              
20001adc  ti_sysbios_gates_GateHwi_Object__table__V                            
20001ae0  ti_sysbios_knl_Task_Module_State_0_idleTask__A                       
20001ae4  xdc_runtime_Memory_Module__state__V                                  
20001ae8  __stack                                                              
20001de8  __STACK_END                                                          
e000e000  ti_sysbios_family_arm_m3_Hwi_nvic                                    
ffffffff  __TI_pprof_out_hndl                                                  
ffffffff  __TI_prof_data_size                                                  
ffffffff  __TI_prof_data_start                                                 
ffffffff  __binit__                                                            
ffffffff  __c_args__                                                           
ffffffff  binit                                                                
UNDEFED   SHT$$INIT_ARRAY$$Base                                                
UNDEFED   SHT$$INIT_ARRAY$$Limit                                               

[646 symbols]
